D:\Projects\ArmaReforgerServerTool\ArmaReforgerServerTool\Longbow.csproj : warning NU1701: Package 'Open.NAT 2.1.0' was restored using '.NETFramework,Version=v4.6.1, .NETFramework,Version=v4.6.2, .NETFramework,Version=v4.7, .NETFramework,Version=v4.7.1, .NETFramework,Version=v4.7.2, .NETFramework,Version=v4.8, .NETFramework,Version=v4.8.1' instead of the project target framework 'net8.0-windows7.0'. This package may not be fully compatible with your project.
D:\Projects\ArmaReforgerServerTool\Longbow.Tests\Longbow.Tests.csproj : warning NU1603: Longbow.Tests depends on Microsoft.NET.Test.Sdk (>= 17.8.2) but Microsoft.NET.Test.Sdk 17.8.2 was not found. Microsoft.NET.Test.Sdk 17.9.0 was resolved instead.
D:\Projects\ArmaReforgerServerTool\Longbow.Tests\Longbow.Tests.csproj : warning NU1701: Package 'Open.NAT 2.1.0' was restored using '.NETFramework,Version=v4.6.1, .NETFramework,Version=v4.6.2, .NETFramework,Version=v4.7, .NETFramework,Version=v4.7.1, .NETFramework,Version=v4.7.2, .NETFramework,Version=v4.8, .NETFramework,Version=v4.8.1' instead of the project target framework 'net8.0-windows7.0'. This package may not be fully compatible with your project.
D:\Projects\ArmaReforgerServerTool\ArmaReforgerServerTool\Models\ValidationError.cs(95,131): warning CS8625: Cannot convert null literal to non-nullable reference type. [D:\Projects\ArmaReforgerServerTool\ArmaReforgerServerTool\Longbow.csproj]
D:\Projects\ArmaReforgerServerTool\ArmaReforgerServerTool\Utils\ModMetadataSource.cs(158,84): warning CS8625: Cannot convert null literal to non-nullable reference type. [D:\Projects\ArmaReforgerServerTool\ArmaReforgerServerTool\Longbow.csproj]
D:\Projects\ArmaReforgerServerTool\ArmaReforgerServerTool\Utils\ModMetadataSource.cs(178,101): warning CS8625: Cannot convert null literal to non-nullable reference type. [D:\Projects\ArmaReforgerServerTool\ArmaReforgerServerTool\Longbow.csproj]
D:\Projects\ArmaReforgerServerTool\ArmaReforgerServerTool\Utils\ModMetadataSource.cs(204,73): warning CS8625: Cannot convert null literal to non-nullable reference type. [D:\Projects\ArmaReforgerServerTool\ArmaReforgerServerTool\Longbow.csproj]
D:\Projects\ArmaReforgerServerTool\ArmaReforgerServerTool\Utils\ModMetadataSource.cs(224,90): warning CS8625: Cannot convert null literal to non-nullable reference type. [D:\Projects\ArmaReforgerServerTool\ArmaReforgerServerTool\Longbow.csproj]
D:\Projects\ArmaReforgerServerTool\ArmaReforgerServerTool\Utils\SteamWorkshopMetadataProvider.cs(64,101): warning CS8625: Cannot convert null literal to non-nullable reference type. [D:\Projects\ArmaReforgerServerTool\ArmaReforgerServerTool\Longbow.csproj]
D:\Projects\ArmaReforgerServerTool\ArmaReforgerServerTool\Utils\SteamWorkshopMetadataProvider.cs(125,90): warning CS8625: Cannot convert null literal to non-nullable reference type. [D:\Projects\ArmaReforgerServerTool\ArmaReforgerServerTool\Longbow.csproj]
D:\Projects\ArmaReforgerServerTool\ArmaReforgerServerTool\Components\ServerParameterBool.cs(16,12): warning CS8618: Non-nullable field 'associatedControl' must contain a non-null value when exiting constructor. Consider adding the 'required' modifier or declaring the field as nullable. [D:\Projects\ArmaReforgerServerTool\ArmaReforgerServerTool\Longbow.csproj]
D:\Projects\ArmaReforgerServerTool\ArmaReforgerServerTool\Components\AdvancedServerParameter.cs(20,12): warning CS8618: Non-nullable field 'm_underlyingControl' must contain a non-null value when exiting constructor. Consider adding the 'required' modifier or declaring the field as nullable. [D:\Projects\ArmaReforgerServerTool\ArmaReforgerServerTool\Longbow.csproj]
D:\Projects\ArmaReforgerServerTool\ArmaReforgerServerTool\Components\ServerParameter.cs(19,12): warning CS8618: Non-nullable field 'underlyingControl' must contain a non-null value when exiting constructor. Consider adding the 'required' modifier or declaring the field as nullable. [D:\Projects\ArmaReforgerServerTool\ArmaReforgerServerTool\Longbow.csproj]
D:\Projects\ArmaReforgerServerTool\ArmaReforgerServerTool\Forms\RenameForm.cs(15,12): warning CS8618: Non-nullable field 'm_resultingRename' must contain a non-null value when exiting constructor. Consider adding the 'required' modifier or declaring the field as nullable. [D:\Projects\ArmaReforgerServerTool\ArmaReforgerServerTool\Longbow.csproj]
D:\Projects\ArmaReforgerServerTool\ArmaReforgerServerTool\Models\AdvancedSetting.cs(23,12): warning CS8618: Non-nullable property 'Name' must contain a non-null value when exiting constructor. Consider adding the 'required' modifier or declaring the property as nullable. [D:\Projects\ArmaReforgerServerTool\ArmaReforgerServerTool\Longbow.csproj]
D:\Projects\ArmaReforgerServerTool\ArmaReforgerServerTool\Models\AdvancedSetting.cs(23,12): warning CS8618: Non-nullable property 'Value' must contain a non-null value when exiting constructor. Consider adding the 'required' modifier or declaring the property as nullable. [D:\Projects\ArmaReforgerServerTool\ArmaReforgerServerTool\Longbow.csproj]
D:\Projects\ArmaReforgerServerTool\ArmaReforgerServerTool\Utils\FlagUtils.cs(54,59): warning CS8600: Converting null literal or possible null value to non-nullable type. [D:\Projects\ArmaReforgerServerTool\ArmaReforgerServerTool\Longbow.csproj]
D:\Projects\ArmaReforgerServerTool\ArmaReforgerServerTool\Utils\FlagUtils.cs(65,14): warning CS8603: Possible null reference return. [D:\Projects\ArmaReforgerServerTool\ArmaReforgerServerTool\Longbow.csproj]
D:\Projects\ArmaReforgerServerTool\ArmaReforgerServerTool\Design\HoverableButton.cs(52,21): warning CS8622: Nullability of reference types in type of parameter 'sender' of 'void HoverableButton.OnMouseEnter(object sender, EventArgs e)' doesn't match the target delegate 'EventHandler' (possibly because of nullability attributes). [D:\Projects\ArmaReforgerServerTool\ArmaReforgerServerTool\Longbow.csproj]
D:\Projects\ArmaReforgerServerTool\ArmaReforgerServerTool\Design\HoverableButton.cs(53,21): warning CS8622: Nullability of reference types in type of parameter 'sender' of 'void HoverableButton.OnMouseLeave(object sender, EventArgs e)' doesn't match the target delegate 'EventHandler' (possibly because of nullability attributes). [D:\Projects\ArmaReforgerServerTool\ArmaReforgerServerTool\Longbow.csproj]
D:\Projects\ArmaReforgerServerTool\ArmaReforgerServerTool\Design\HoverableButton.cs(54,20): warning CS8622: Nullability of reference types in type of parameter 'sender' of 'void HoverableButton.OnMouseDown(object sender, MouseEventArgs e)' doesn't match the target delegate 'MouseEventHandler' (possibly because of nullability attributes). [D:\Projects\ArmaReforgerServerTool\ArmaReforgerServerTool\Longbow.csproj]
D:\Projects\ArmaReforgerServerTool\ArmaReforgerServerTool\Design\HoverableButton.cs(55,18): warning CS8622: Nullability of reference types in type of parameter 'sender' of 'void HoverableButton.OnMouseUp(object sender, MouseEventArgs e)' doesn't match the target delegate 'MouseEventHandler' (possibly because of nullability attributes). [D:\Projects\ArmaReforgerServerTool\ArmaReforgerServerTool\Longbow.csproj]
D:\Projects\ArmaReforgerServerTool\ArmaReforgerServerTool\Components\AdvancedServerParameterEnumerated.cs(47,14): warning CS8600: Converting null literal or possible null value to non-nullable type. [D:\Projects\ArmaReforgerServerTool\ArmaReforgerServerTool\Longbow.csproj]
D:\Projects\ArmaReforgerServerTool\ArmaReforgerServerTool\Components\AdvancedServerParameterEnumerated.cs(47,14): warning CS8603: Possible null reference return. [D:\Projects\ArmaReforgerServerTool\ArmaReforgerServerTool\Longbow.csproj]
D:\Projects\ArmaReforgerServerTool\ArmaReforgerServerTool\Utils\ServerStatusParser.cs(65,49): warning CS8618: Non-nullable event 'UpdateServerStatus' must contain a non-null value when exiting constructor. Consider adding the 'required' modifier or declaring the event as nullable. [D:\Projects\ArmaReforgerServerTool\ArmaReforgerServerTool\Longbow.csproj]
D:\Projects\ArmaReforgerServerTool\ArmaReforgerServerTool\Design\HoverableButton.cs(253,23): warning CS8622: Nullability of reference types in type of parameter 'sender' of 'void HoverableButton.OnMouseEnter(object sender, EventArgs e)' doesn't match the target delegate 'EventHandler' (possibly because of nullability attributes). [D:\Projects\ArmaReforgerServerTool\ArmaReforgerServerTool\Longbow.csproj]
D:\Projects\ArmaReforgerServerTool\ArmaReforgerServerTool\Design\HoverableButton.cs(254,23): warning CS8622: Nullability of reference types in type of parameter 'sender' of 'void HoverableButton.OnMouseLeave(object sender, EventArgs e)' doesn't match the target delegate 'EventHandler' (possibly because of nullability attributes). [D:\Projects\ArmaReforgerServerTool\ArmaReforgerServerTool\Longbow.csproj]
D:\Projects\ArmaReforgerServerTool\ArmaReforgerServerTool\Design\HoverableButton.cs(255,22): warning CS8622: Nullability of reference types in type of parameter 'sender' of 'void HoverableButton.OnMouseDown(object sender, MouseEventArgs e)' doesn't match the target delegate 'MouseEventHandler' (possibly because of nullability attributes). [D:\Projects\ArmaReforgerServerTool\ArmaReforgerServerTool\Longbow.csproj]
D:\Projects\ArmaReforgerServerTool\ArmaReforgerServerTool\Design\HoverableButton.cs(256,20): warning CS8622: Nullability of reference types in type of parameter 'sender' of 'void HoverableButton.OnMouseUp(object sender, MouseEventArgs e)' doesn't match the target delegate 'MouseEventHandler' (possibly because of nullability attributes). [D:\Projects\ArmaReforgerServerTool\ArmaReforgerServerTool\Longbow.csproj]
D:\Projects\ArmaReforgerServerTool\ArmaReforgerServerTool\Managers\ConfigurationManager.cs(51,13): warning CS8618: Non-nullable property 'save' must contain a non-null value when exiting constructor. Consider adding the 'required' modifier or declaring the property as nullable. [D:\Projects\ArmaReforgerServerTool\ArmaReforgerServerTool\Longbow.csproj]
D:\Projects\ArmaReforgerServerTool\ArmaReforgerServerTool\Managers\ConfigurationManager.cs(51,13): warning CS8618: Non-nullable event 'UpdateScenarioIdFromLoadedConfigEvent' must contain a non-null value when exiting constructor. Consider adding the 'required' modifier or declaring the event as nullable. [D:\Projects\ArmaReforgerServerTool\ArmaReforgerServerTool\Longbow.csproj]
D:\Projects\ArmaReforgerServerTool\ArmaReforgerServerTool\Utils\Utilities.cs(136,14): warning CS8603: Possible null reference return. [D:\Projects\ArmaReforgerServerTool\ArmaReforgerServerTool\Longbow.csproj]
D:\Projects\ArmaReforgerServerTool\ArmaReforgerServerTool\Forms\Main.cs(154,20): warning CS8622: Nullability of reference types in type of parameter 'sender' of 'void Main.Main_Load(object sender, EventArgs e)' doesn't match the target delegate 'EventHandler' (possibly because of nullability attributes). [D:\Projects\ArmaReforgerServerTool\ArmaReforgerServerTool\Longbow.csproj]
D:\Projects\ArmaReforgerServerTool\ArmaReforgerServerTool\Managers\ProcessManager.cs(64,13): warning CS8618: Non-nullable event 'UpdateSteamCmdLogEvent' must contain a non-null value when exiting constructor. Consider adding the 'required' modifier or declaring the event as nullable. [D:\Projects\ArmaReforgerServerTool\ArmaReforgerServerTool\Longbow.csproj]
D:\Projects\ArmaReforgerServerTool\ArmaReforgerServerTool\Managers\ProcessManager.cs(64,13): warning CS8618: Non-nullable event 'UpdateGuiControlsEvent' must contain a non-null value when exiting constructor. Consider adding the 'required' modifier or declaring the event as nullable. [D:\Projects\ArmaReforgerServerTool\ArmaReforgerServerTool\Longbow.csproj]
D:\Projects\ArmaReforgerServerTool\ArmaReforgerServerTool\Managers\ProcessManager.cs(64,13): warning CS8618: Non-nullable event 'UpdateServerStatusEvent' must contain a non-null value when exiting constructor. Consider adding the 'required' modifier or declaring the event as nullable. [D:\Projects\ArmaReforgerServerTool\ArmaReforgerServerTool\Longbow.csproj]
D:\Projects\ArmaReforgerServerTool\ArmaReforgerServerTool\Managers\FileIOManager.cs(32,13): warning CS8618: Non-nullable field 'm_savesPath' must contain a non-null value when exiting constructor. Consider adding the 'required' modifier or declaring the field as nullable. [D:\Projects\ArmaReforgerServerTool\ArmaReforgerServerTool\Longbow.csproj]
D:\Projects\ArmaReforgerServerTool\ArmaReforgerServerTool\Forms\Main.cs(164,20): warning CS8622: Nullability of reference types in type of parameter 'sender' of 'void Main.Main_Load(object sender, EventArgs e)' doesn't match the target delegate 'EventHandler' (possibly because of nullability attributes). [D:\Projects\ArmaReforgerServerTool\ArmaReforgerServerTool\Longbow.csproj]
D:\Projects\ArmaReforgerServerTool\ArmaReforgerServerTool\Managers\ProcessManager.cs(94,24): warning CS8622: Nullability of reference types in type of parameter 'sender' of 'void ProcessManager.SteamCmdUpdateWorkerDoWork(object sender, DoWorkEventArgs e)' doesn't match the target delegate 'DoWorkEventHandler' (possibly because of nullability attributes). [D:\Projects\ArmaReforgerServerTool\ArmaReforgerServerTool\Longbow.csproj]
D:\Projects\ArmaReforgerServerTool\ArmaReforgerServerTool\Managers\ProcessManager.cs(145,26): warning CS0168: The variable 'ex' is declared but never used [D:\Projects\ArmaReforgerServerTool\ArmaReforgerServerTool\Longbow.csproj]
D:\Projects\ArmaReforgerServerTool\ArmaReforgerServerTool\Models\Mod.cs(53,12): warning CS8618: Non-nullable property 'modId' must contain a non-null value when exiting constructor. Consider adding the 'required' modifier or declaring the property as nullable. [D:\Projects\ArmaReforgerServerTool\ArmaReforgerServerTool\Longbow.csproj]
D:\Projects\ArmaReforgerServerTool\ArmaReforgerServerTool\Models\Mod.cs(53,12): warning CS8618: Non-nullable property 'name' must contain a non-null value when exiting constructor. Consider adding the 'required' modifier or declaring the property as nullable. [D:\Projects\ArmaReforgerServerTool\ArmaReforgerServerTool\Longbow.csproj]
D:\Projects\ArmaReforgerServerTool\ArmaReforgerServerTool\Models\Mod.cs(53,12): warning CS8618: Non-nullable property 'version' must contain a non-null value when exiting constructor. Consider adding the 'required' modifier or declaring the property as nullable. [D:\Projects\ArmaReforgerServerTool\ArmaReforgerServerTool\Longbow.csproj]
D:\Projects\ArmaReforgerServerTool\ArmaReforgerServerTool\Models\Mod.cs(53,12): warning CS8618: Non-nullable property 'ModVersion' must contain a non-null value when exiting constructor. Consider adding the 'required' modifier or declaring the property as nullable. [D:\Projects\ArmaReforgerServerTool\ArmaReforgerServerTool\Longbow.csproj]
D:\Projects\ArmaReforgerServerTool\ArmaReforgerServerTool\Models\Mod.cs(53,12): warning CS8618: Non-nullable property 'MinGameVersion' must contain a non-null value when exiting constructor. Consider adding the 'required' modifier or declaring the property as nullable. [D:\Projects\ArmaReforgerServerTool\ArmaReforgerServerTool\Longbow.csproj]
D:\Projects\ArmaReforgerServerTool\ArmaReforgerServerTool\Models\Mod.cs(55,12): warning CS8618: Non-nullable property 'ModVersion' must contain a non-null value when exiting constructor. Consider adding the 'required' modifier or declaring the property as nullable. [D:\Projects\ArmaReforgerServerTool\ArmaReforgerServerTool\Longbow.csproj]
D:\Projects\ArmaReforgerServerTool\ArmaReforgerServerTool\Models\Mod.cs(55,12): warning CS8618: Non-nullable property 'MinGameVersion' must contain a non-null value when exiting constructor. Consider adding the 'required' modifier or declaring the property as nullable. [D:\Projects\ArmaReforgerServerTool\ArmaReforgerServerTool\Longbow.csproj]
D:\Projects\ArmaReforgerServerTool\ArmaReforgerServerTool\Models\Mod.cs(63,12): warning CS8618: Non-nullable property 'ModVersion' must contain a non-null value when exiting constructor. Consider adding the 'required' modifier or declaring the property as nullable. [D:\Projects\ArmaReforgerServerTool\ArmaReforgerServerTool\Longbow.csproj]
D:\Projects\ArmaReforgerServerTool\ArmaReforgerServerTool\Models\Mod.cs(63,12): warning CS8618: Non-nullable property 'MinGameVersion' must contain a non-null value when exiting constructor. Consider adding the 'required' modifier or declaring the property as nullable. [D:\Projects\ArmaReforgerServerTool\ArmaReforgerServerTool\Longbow.csproj]
D:\Projects\ArmaReforgerServerTool\ArmaReforgerServerTool\Managers\ProcessManager.cs(223,24): warning CS8622: Nullability of reference types in type of parameter 'sender' of 'void ProcessManager.SteamCmdUpdateWorkerDoWork(object sender, DoWorkEventArgs e)' doesn't match the target delegate 'DoWorkEventHandler' (possibly because of nullability attributes). [D:\Projects\ArmaReforgerServerTool\ArmaReforgerServerTool\Longbow.csproj]
D:\Projects\ArmaReforgerServerTool\ArmaReforgerServerTool\Models\ModDependency.cs(46,12): warning CS8618: Non-nullable property 'ModId' must contain a non-null value when exiting constructor. Consider adding the 'required' modifier or declaring the property as nullable. [D:\Projects\ArmaReforgerServerTool\ArmaReforgerServerTool\Longbow.csproj]
D:\Projects\ArmaReforgerServerTool\ArmaReforgerServerTool\Models\ModDependency.cs(46,12): warning CS8618: Non-nullable property 'ModName' must contain a non-null value when exiting constructor. Consider adding the 'required' modifier or declaring the property as nullable. [D:\Projects\ArmaReforgerServerTool\ArmaReforgerServerTool\Longbow.csproj]
D:\Projects\ArmaReforgerServerTool\ArmaReforgerServerTool\Models\ModDependency.cs(46,12): warning CS8618: Non-nullable property 'MinVersion' must contain a non-null value when exiting constructor. Consider adding the 'required' modifier or declaring the property as nullable. [D:\Projects\ArmaReforgerServerTool\ArmaReforgerServerTool\Longbow.csproj]
D:\Projects\ArmaReforgerServerTool\ArmaReforgerServerTool\Models\ModDependency.cs(46,12): warning CS8618: Non-nullable property 'MaxVersion' must contain a non-null value when exiting constructor. Consider adding the 'required' modifier or declaring the property as nullable. [D:\Projects\ArmaReforgerServerTool\ArmaReforgerServerTool\Longbow.csproj]
D:\Projects\ArmaReforgerServerTool\ArmaReforgerServerTool\Models\ModDependency.cs(54,30): warning CS8625: Cannot convert null literal to non-nullable reference type. [D:\Projects\ArmaReforgerServerTool\ArmaReforgerServerTool\Longbow.csproj]
D:\Projects\ArmaReforgerServerTool\ArmaReforgerServerTool\Models\ModDependency.cs(54,36): warning CS8625: Cannot convert null literal to non-nullable reference type. [D:\Projects\ArmaReforgerServerTool\ArmaReforgerServerTool\Longbow.csproj]
D:\Projects\ArmaReforgerServerTool\ArmaReforgerServerTool\Forms\Main.cs(387,11): warning CS8600: Converting null literal or possible null value to non-nullable type. [D:\Projects\ArmaReforgerServerTool\ArmaReforgerServerTool\Longbow.csproj]
D:\Projects\ArmaReforgerServerTool\ArmaReforgerServerTool\Forms\Main.cs(389,17): warning CS8600: Converting null literal or possible null value to non-nullable type. [D:\Projects\ArmaReforgerServerTool\ArmaReforgerServerTool\Longbow.csproj]
D:\Projects\ArmaReforgerServerTool\ArmaReforgerServerTool\Forms\Main.cs(392,28): warning CS8620: Argument of type 'BindingList<Mod>' cannot be used for parameter 'list' of type 'BindingList<Mod?>' in 'void Utilities.MoveItem<Mod?>(BindingList<Mod?> list, Mod? item, bool moveBackward = false)' due to differences in the nullability of reference types. [D:\Projects\ArmaReforgerServerTool\ArmaReforgerServerTool\Longbow.csproj]
D:\Projects\ArmaReforgerServerTool\ArmaReforgerServerTool\Managers\FileIOManager.cs(155,36): warning CS8600: Converting null literal or possible null value to non-nullable type. [D:\Projects\ArmaReforgerServerTool\ArmaReforgerServerTool\Longbow.csproj]
D:\Projects\ArmaReforgerServerTool\ArmaReforgerServerTool\Forms\Main.cs(407,11): warning CS8600: Converting null literal or possible null value to non-nullable type. [D:\Projects\ArmaReforgerServerTool\ArmaReforgerServerTool\Longbow.csproj]
D:\Projects\ArmaReforgerServerTool\ArmaReforgerServerTool\Forms\Main.cs(409,17): warning CS8600: Converting null literal or possible null value to non-nullable type. [D:\Projects\ArmaReforgerServerTool\ArmaReforgerServerTool\Longbow.csproj]
D:\Projects\ArmaReforgerServerTool\ArmaReforgerServerTool\Forms\Main.cs(412,28): warning CS8620: Argument of type 'BindingList<Mod>' cannot be used for parameter 'list' of type 'BindingList<Mod?>' in 'void Utilities.MoveItem<Mod?>(BindingList<Mod?> list, Mod? item, bool moveBackward = false)' due to differences in the nullability of reference types. [D:\Projects\ArmaReforgerServerTool\ArmaReforgerServerTool\Longbow.csproj]
D:\Projects\ArmaReforgerServerTool\ArmaReforgerServerTool\Managers\ConfigurationManager.cs(278,36): warning CS8625: Cannot convert null literal to non-nullable reference type. [D:\Projects\ArmaReforgerServerTool\ArmaReforgerServerTool\Longbow.csproj]
D:\Projects\ArmaReforgerServerTool\ArmaReforgerServerTool\Managers\ConfigurationManager.cs(308,71): warning CS8601: Possible null reference assignment. [D:\Projects\ArmaReforgerServerTool\ArmaReforgerServerTool\Longbow.csproj]
D:\Projects\ArmaReforgerServerTool\ArmaReforgerServerTool\Managers\ConfigurationManager.cs(309,70): warning CS8601: Possible null reference assignment. [D:\Projects\ArmaReforgerServerTool\ArmaReforgerServerTool\Longbow.csproj]
D:\Projects\ArmaReforgerServerTool\ArmaReforgerServerTool\Utils\SteamWorkshopMetadataProvider.cs(102,32): error CS1061: '(string Name, ModDependency[] Dependencies, string Version)?' does not contain a definition for 'Name' and no accessible extension method 'Name' accepting a first argument of type '(string Name, ModDependency[] Dependencies, string Version)?' could be found (are you missing a using directive or an assembly reference?) [D:\Projects\ArmaReforgerServerTool\ArmaReforgerServerTool\Longbow.csproj]
D:\Projects\ArmaReforgerServerTool\ArmaReforgerServerTool\Utils\SteamWorkshopMetadataProvider.cs(103,37): error CS1061: '(string Name, ModDependency[] Dependencies, string Version)?' does not contain a definition for 'Dependencies' and no accessible extension method 'Dependencies' accepting a first argument of type '(string Name, ModDependency[] Dependencies, string Version)?' could be found (are you missing a using directive or an assembly reference?) [D:\Projects\ArmaReforgerServerTool\ArmaReforgerServerTool\Longbow.csproj]
D:\Projects\ArmaReforgerServerTool\ArmaReforgerServerTool\Utils\SteamWorkshopMetadataProvider.cs(104,32): error CS1061: '(string Name, ModDependency[] Dependencies, string Version)?' does not contain a definition for 'Version' and no accessible extension method 'Version' accepting a first argument of type '(string Name, ModDependency[] Dependencies, string Version)?' could be found (are you missing a using directive or an assembly reference?) [D:\Projects\ArmaReforgerServerTool\ArmaReforgerServerTool\Longbow.csproj]
D:\Projects\ArmaReforgerServerTool\ArmaReforgerServerTool\Utils\SteamWorkshopMetadataProvider.cs(110,27): error CS1061: '(string Name, ModDependency[] Dependencies, string Version)?' does not contain a definition for 'Dependencies' and no accessible extension method 'Dependencies' accepting a first argument of type '(string Name, ModDependency[] Dependencies, string Version)?' could be found (are you missing a using directive or an assembly reference?) [D:\Projects\ArmaReforgerServerTool\ArmaReforgerServerTool\Longbow.csproj]
D:\Projects\ArmaReforgerServerTool\ArmaReforgerServerTool\Utils\SteamWorkshopMetadataProvider.cs(82,29): warning CS8600: Converting null literal or possible null value to non-nullable type. [D:\Projects\ArmaReforgerServerTool\ArmaReforgerServerTool\Longbow.csproj]
D:\Projects\ArmaReforgerServerTool\ArmaReforgerServerTool\Utils\SteamWorkshopMetadataProvider.cs(139,29): warning CS8600: Converting null literal or possible null value to non-nullable type. [D:\Projects\ArmaReforgerServerTool\ArmaReforgerServerTool\Longbow.csproj]
D:\Projects\ArmaReforgerServerTool\ArmaReforgerServerTool\Utils\SteamWorkshopMetadataProvider.cs(146,18): warning CS8603: Possible null reference return. [D:\Projects\ArmaReforgerServerTool\ArmaReforgerServerTool\Longbow.csproj]
D:\Projects\ArmaReforgerServerTool\ArmaReforgerServerTool\Utils\SteamWorkshopMetadataProvider.cs(149,16): warning CS8603: Possible null reference return. [D:\Projects\ArmaReforgerServerTool\ArmaReforgerServerTool\Longbow.csproj]
D:\Projects\ArmaReforgerServerTool\ArmaReforgerServerTool\Utils\SteamWorkshopMetadataProvider.cs(154,16): warning CS8603: Possible null reference return. [D:\Projects\ArmaReforgerServerTool\ArmaReforgerServerTool\Longbow.csproj]
D:\Projects\ArmaReforgerServerTool\ArmaReforgerServerTool\Managers\ProcessManager.cs(40,12): warning CS8618: Non-nullable field 'serverRunningLabelText' must contain a non-null value when exiting constructor. Consider adding the 'required' modifier or declaring the field as nullable. [D:\Projects\ArmaReforgerServerTool\ArmaReforgerServerTool\Longbow.csproj]
D:\Projects\ArmaReforgerServerTool\ArmaReforgerServerTool\Managers\NetworkManager.cs(62,46): warning CS8600: Converting null literal or possible null value to non-nullable type. [D:\Projects\ArmaReforgerServerTool\ArmaReforgerServerTool\Longbow.csproj]
D:\Projects\ArmaReforgerServerTool\ArmaReforgerServerTool\Utils\SteamWorkshopMetadataProvider.cs(168,18): warning CS8603: Possible null reference return. [D:\Projects\ArmaReforgerServerTool\ArmaReforgerServerTool\Longbow.csproj]
D:\Projects\ArmaReforgerServerTool\ArmaReforgerServerTool\Utils\SteamWorkshopMetadataProvider.cs(180,16): warning CS8603: Possible null reference return. [D:\Projects\ArmaReforgerServerTool\ArmaReforgerServerTool\Longbow.csproj]
D:\Projects\ArmaReforgerServerTool\ArmaReforgerServerTool\Utils\SteamWorkshopMetadataProvider.cs(185,16): warning CS8603: Possible null reference return. [D:\Projects\ArmaReforgerServerTool\ArmaReforgerServerTool\Longbow.csproj]
D:\Projects\ArmaReforgerServerTool\ArmaReforgerServerTool\Models\ValidationError.cs(84,12): warning CS8618: Non-nullable property 'ModId' must contain a non-null value when exiting constructor. Consider adding the 'required' modifier or declaring the property as nullable. [D:\Projects\ArmaReforgerServerTool\ArmaReforgerServerTool\Longbow.csproj]
D:\Projects\ArmaReforgerServerTool\ArmaReforgerServerTool\Models\ValidationError.cs(84,12): warning CS8618: Non-nullable property 'ModName' must contain a non-null value when exiting constructor. Consider adding the 'required' modifier or declaring the property as nullable. [D:\Projects\ArmaReforgerServerTool\ArmaReforgerServerTool\Longbow.csproj]
D:\Projects\ArmaReforgerServerTool\ArmaReforgerServerTool\Models\ValidationError.cs(84,12): warning CS8618: Non-nullable property 'Message' must contain a non-null value when exiting constructor. Consider adding the 'required' modifier or declaring the property as nullable. [D:\Projects\ArmaReforgerServerTool\ArmaReforgerServerTool\Longbow.csproj]
D:\Projects\ArmaReforgerServerTool\ArmaReforgerServerTool\Models\ValidationError.cs(84,12): warning CS8618: Non-nullable property 'RelatedModId' must contain a non-null value when exiting constructor. Consider adding the 'required' modifier or declaring the property as nullable. [D:\Projects\ArmaReforgerServerTool\ArmaReforgerServerTool\Longbow.csproj]
D:\Projects\ArmaReforgerServerTool\ArmaReforgerServerTool\Utils\SteamWorkshopMetadataProvider.cs(49,21): warning CS8618: Non-nullable property 'ModName' must contain a non-null value when exiting constructor. Consider adding the 'required' modifier or declaring the property as nullable. [D:\Projects\ArmaReforgerServerTool\ArmaReforgerServerTool\Longbow.csproj]
D:\Projects\ArmaReforgerServerTool\ArmaReforgerServerTool\Utils\SteamWorkshopMetadataProvider.cs(50,30): warning CS8618: Non-nullable property 'Dependencies' must contain a non-null value when exiting constructor. Consider adding the 'required' modifier or declaring the property as nullable. [D:\Projects\ArmaReforgerServerTool\ArmaReforgerServerTool\Longbow.csproj]
D:\Projects\ArmaReforgerServerTool\ArmaReforgerServerTool\Utils\SteamWorkshopMetadataProvider.cs(51,21): warning CS8618: Non-nullable property 'Version' must contain a non-null value when exiting constructor. Consider adding the 'required' modifier or declaring the property as nullable. [D:\Projects\ArmaReforgerServerTool\ArmaReforgerServerTool\Longbow.csproj]
D:\Projects\ArmaReforgerServerTool\ArmaReforgerServerTool\Utils\JsonUtils.cs(148,18): warning CS8603: Possible null reference return. [D:\Projects\ArmaReforgerServerTool\ArmaReforgerServerTool\Longbow.csproj]
D:\Projects\ArmaReforgerServerTool\ArmaReforgerServerTool\Utils\SteamWorkshopMetadataProvider.cs(258,16): warning CS8603: Possible null reference return. [D:\Projects\ArmaReforgerServerTool\ArmaReforgerServerTool\Longbow.csproj]
D:\Projects\ArmaReforgerServerTool\ArmaReforgerServerTool\Utils\SteamWorkshopMetadataProvider.cs(262,16): warning CS8603: Possible null reference return. [D:\Projects\ArmaReforgerServerTool\ArmaReforgerServerTool\Longbow.csproj]
D:\Projects\ArmaReforgerServerTool\ArmaReforgerServerTool\Managers\NetworkManager.cs(122,46): warning CS8600: Converting null literal or possible null value to non-nullable type. [D:\Projects\ArmaReforgerServerTool\ArmaReforgerServerTool\Longbow.csproj]
D:\Projects\ArmaReforgerServerTool\ArmaReforgerServerTool\Utils\JsonUtils.cs(176,35): warning CS8600: Converting null literal or possible null value to non-nullable type. [D:\Projects\ArmaReforgerServerTool\ArmaReforgerServerTool\Longbow.csproj]
D:\Projects\ArmaReforgerServerTool\ArmaReforgerServerTool\Utils\JsonUtils.cs(182,29): warning CS8601: Possible null reference assignment. [D:\Projects\ArmaReforgerServerTool\ArmaReforgerServerTool\Longbow.csproj]
D:\Projects\ArmaReforgerServerTool\ArmaReforgerServerTool\Utils\JsonUtils.cs(185,28): warning CS8601: Possible null reference assignment. [D:\Projects\ArmaReforgerServerTool\ArmaReforgerServerTool\Longbow.csproj]
D:\Projects\ArmaReforgerServerTool\ArmaReforgerServerTool\Utils\JsonUtils.cs(188,31): warning CS8601: Possible null reference assignment. [D:\Projects\ArmaReforgerServerTool\ArmaReforgerServerTool\Longbow.csproj]
D:\Projects\ArmaReforgerServerTool\ArmaReforgerServerTool\Utils\JsonUtils.cs(533,35): warning CS8600: Converting null literal or possible null value to non-nullable type. [D:\Projects\ArmaReforgerServerTool\ArmaReforgerServerTool\Longbow.csproj]
D:\Projects\ArmaReforgerServerTool\ArmaReforgerServerTool\Utils\JsonUtils.cs(539,40): warning CS8601: Possible null reference assignment. [D:\Projects\ArmaReforgerServerTool\ArmaReforgerServerTool\Longbow.csproj]
D:\Projects\ArmaReforgerServerTool\ArmaReforgerServerTool\Utils\ModMetadataSource.cs(213,16): warning CS8603: Possible null reference return. [D:\Projects\ArmaReforgerServerTool\ArmaReforgerServerTool\Longbow.csproj]
D:\Projects\ArmaReforgerServerTool\ArmaReforgerServerTool\Utils\ModMetadataSource.cs(228,16): warning CS8603: Possible null reference return. [D:\Projects\ArmaReforgerServerTool\ArmaReforgerServerTool\Longbow.csproj]
D:\Projects\ArmaReforgerServerTool\ArmaReforgerServerTool\Utils\JsonUtils.cs(59,35): warning CS8600: Converting null literal or possible null value to non-nullable type. [D:\Projects\ArmaReforgerServerTool\ArmaReforgerServerTool\Longbow.csproj]
D:\Projects\ArmaReforgerServerTool\ArmaReforgerServerTool\Utils\JsonUtils.cs(67,35): warning CS8601: Possible null reference assignment. [D:\Projects\ArmaReforgerServerTool\ArmaReforgerServerTool\Longbow.csproj]
D:\Projects\ArmaReforgerServerTool\ArmaReforgerServerTool\Utils\JsonUtils.cs(90,40): warning CS8601: Possible null reference assignment. [D:\Projects\ArmaReforgerServerTool\ArmaReforgerServerTool\Longbow.csproj]
D:\Projects\ArmaReforgerServerTool\ArmaReforgerServerTool\Utils\ModMetadataSource.cs(251,16): warning CS8603: Possible null reference return. [D:\Projects\ArmaReforgerServerTool\ArmaReforgerServerTool\Longbow.csproj]
D:\Projects\ArmaReforgerServerTool\ArmaReforgerServerTool\Utils\ModMetadataSource.cs(259,14): warning CS8603: Possible null reference return. [D:\Projects\ArmaReforgerServerTool\ArmaReforgerServerTool\Longbow.csproj]
D:\Projects\ArmaReforgerServerTool\ArmaReforgerServerTool\Utils\ModMetadataSource.cs(271,16): warning CS8603: Possible null reference return. [D:\Projects\ArmaReforgerServerTool\ArmaReforgerServerTool\Longbow.csproj]
D:\Projects\ArmaReforgerServerTool\ArmaReforgerServerTool\Utils\ModMetadataSource.cs(279,14): warning CS8603: Possible null reference return. [D:\Projects\ArmaReforgerServerTool\ArmaReforgerServerTool\Longbow.csproj]
D:\Projects\ArmaReforgerServerTool\ArmaReforgerServerTool\Utils\ModMetadataSource.cs(49,80): warning CS8625: Cannot convert null literal to non-nullable reference type. [D:\Projects\ArmaReforgerServerTool\ArmaReforgerServerTool\Longbow.csproj]
D:\Projects\ArmaReforgerServerTool\ArmaReforgerServerTool\Utils\ModMetadataSource.cs(61,66): warning CS8625: Cannot convert null literal to non-nullable reference type. [D:\Projects\ArmaReforgerServerTool\ArmaReforgerServerTool\Longbow.csproj]
D:\Projects\ArmaReforgerServerTool\ArmaReforgerServerTool\Utils\ModMetadataSource.cs(62,80): warning CS8625: Cannot convert null literal to non-nullable reference type. [D:\Projects\ArmaReforgerServerTool\ArmaReforgerServerTool\Longbow.csproj]
D:\Projects\ArmaReforgerServerTool\ArmaReforgerServerTool\Utils\ModMetadataSource.cs(74,80): warning CS8625: Cannot convert null literal to non-nullable reference type. [D:\Projects\ArmaReforgerServerTool\ArmaReforgerServerTool\Longbow.csproj]
D:\Projects\ArmaReforgerServerTool\ArmaReforgerServerTool\Utils\ModMetadataSource.cs(86,80): warning CS8625: Cannot convert null literal to non-nullable reference type. [D:\Projects\ArmaReforgerServerTool\ArmaReforgerServerTool\Longbow.csproj]
D:\Projects\ArmaReforgerServerTool\ArmaReforgerServerTool\Utils\ModMetadataSource.cs(98,80): warning CS8625: Cannot convert null literal to non-nullable reference type. [D:\Projects\ArmaReforgerServerTool\ArmaReforgerServerTool\Longbow.csproj]
D:\Projects\ArmaReforgerServerTool\ArmaReforgerServerTool\Utils\ModMetadataSource.cs(119,80): warning CS8625: Cannot convert null literal to non-nullable reference type. [D:\Projects\ArmaReforgerServerTool\ArmaReforgerServerTool\Longbow.csproj]
D:\Projects\ArmaReforgerServerTool\ArmaReforgerServerTool\Utils\ModMetadataSource.cs(120,81): warning CS8625: Cannot convert null literal to non-nullable reference type. [D:\Projects\ArmaReforgerServerTool\ArmaReforgerServerTool\Longbow.csproj]
D:\Projects\ArmaReforgerServerTool\ArmaReforgerServerTool\Utils\ModMetadataSource.cs(132,80): warning CS8625: Cannot convert null literal to non-nullable reference type. [D:\Projects\ArmaReforgerServerTool\ArmaReforgerServerTool\Longbow.csproj]
D:\Projects\ArmaReforgerServerTool\ArmaReforgerServerTool\Utils\ModMetadataSource.cs(144,66): warning CS8625: Cannot convert null literal to non-nullable reference type. [D:\Projects\ArmaReforgerServerTool\ArmaReforgerServerTool\Longbow.csproj]
D:\Projects\ArmaReforgerServerTool\ArmaReforgerServerTool\Utils\ModMetadataSource.cs(145,75): warning CS8625: Cannot convert null literal to non-nullable reference type. [D:\Projects\ArmaReforgerServerTool\ArmaReforgerServerTool\Longbow.csproj]
D:\Projects\ArmaReforgerServerTool\ArmaReforgerServerTool\Utils\JsonUtils.cs(233,26): warning CS8600: Converting null literal or possible null value to non-nullable type. [D:\Projects\ArmaReforgerServerTool\ArmaReforgerServerTool\Longbow.csproj]
D:\Projects\ArmaReforgerServerTool\ArmaReforgerServerTool\Utils\JsonUtils.cs(235,27): warning CS8600: Converting null literal or possible null value to non-nullable type. [D:\Projects\ArmaReforgerServerTool\ArmaReforgerServerTool\Longbow.csproj]
D:\Projects\ArmaReforgerServerTool\ArmaReforgerServerTool\Utils\JsonUtils.cs(236,29): warning CS8600: Converting null literal or possible null value to non-nullable type. [D:\Projects\ArmaReforgerServerTool\ArmaReforgerServerTool\Longbow.csproj]
D:\Projects\ArmaReforgerServerTool\ArmaReforgerServerTool\Utils\JsonUtils.cs(237,30): warning CS8600: Converting null literal or possible null value to non-nullable type. [D:\Projects\ArmaReforgerServerTool\ArmaReforgerServerTool\Longbow.csproj]
D:\Projects\ArmaReforgerServerTool\ArmaReforgerServerTool\Utils\JsonUtils.cs(238,30): warning CS8600: Converting null literal or possible null value to non-nullable type. [D:\Projects\ArmaReforgerServerTool\ArmaReforgerServerTool\Longbow.csproj]
D:\Projects\ArmaReforgerServerTool\ArmaReforgerServerTool\Utils\JsonUtils.cs(253,33): warning CS8600: Converting null literal or possible null value to non-nullable type. [D:\Projects\ArmaReforgerServerTool\ArmaReforgerServerTool\Longbow.csproj]
D:\Projects\ArmaReforgerServerTool\ArmaReforgerServerTool\Utils\JsonUtils.cs(259,25): warning CS8600: Converting null literal or possible null value to non-nullable type. [D:\Projects\ArmaReforgerServerTool\ArmaReforgerServerTool\Longbow.csproj]
D:\Projects\ArmaReforgerServerTool\ArmaReforgerServerTool\Utils\JsonUtils.cs(265,26): warning CS8600: Converting null literal or possible null value to non-nullable type. [D:\Projects\ArmaReforgerServerTool\ArmaReforgerServerTool\Longbow.csproj]
D:\Projects\ArmaReforgerServerTool\ArmaReforgerServerTool\Utils\JsonUtils.cs(268,28): warning CS8600: Converting null literal or possible null value to non-nullable type. [D:\Projects\ArmaReforgerServerTool\ArmaReforgerServerTool\Longbow.csproj]
D:\Projects\ArmaReforgerServerTool\ArmaReforgerServerTool\Utils\JsonUtils.cs(271,27): warning CS8600: Converting null literal or possible null value to non-nullable type. [D:\Projects\ArmaReforgerServerTool\ArmaReforgerServerTool\Longbow.csproj]
D:\Projects\ArmaReforgerServerTool\ArmaReforgerServerTool\Utils\JsonUtils.cs(274,27): warning CS8600: Converting null literal or possible null value to non-nullable type. [D:\Projects\ArmaReforgerServerTool\ArmaReforgerServerTool\Longbow.csproj]
D:\Projects\ArmaReforgerServerTool\ArmaReforgerServerTool\Utils\JsonUtils.cs(284,89): warning CS8604: Possible null reference argument for parameter 'parameterValue' in 'RconPermission Utilities.StringToEnum<RconPermission>(string parameterValue)'. [D:\Projects\ArmaReforgerServerTool\ArmaReforgerServerTool\Longbow.csproj]
D:\Projects\ArmaReforgerServerTool\ArmaReforgerServerTool\Utils\JsonUtils.cs(284,25): warning CS8604: Possible null reference argument for parameter 'address' in 'Rcon.Rcon(string address, int port, string password, RconPermission permission, string[] blacklist, string[] whitelist, int maxClients)'. [D:\Projects\ArmaReforgerServerTool\ArmaReforgerServerTool\Longbow.csproj]
D:\Projects\ArmaReforgerServerTool\ArmaReforgerServerTool\Utils\JsonUtils.cs(284,40): warning CS8604: Possible null reference argument for parameter 'password' in 'Rcon.Rcon(string address, int port, string password, RconPermission permission, string[] blacklist, string[] whitelist, int maxClients)'. [D:\Projects\ArmaReforgerServerTool\ArmaReforgerServerTool\Longbow.csproj]
D:\Projects\ArmaReforgerServerTool\ArmaReforgerServerTool\Utils\JsonUtils.cs(285,13): warning CS8604: Possible null reference argument for parameter 'blacklist' in 'Rcon.Rcon(string address, int port, string password, RconPermission permission, string[] blacklist, string[] whitelist, int maxClients)'. [D:\Projects\ArmaReforgerServerTool\ArmaReforgerServerTool\Longbow.csproj]
D:\Projects\ArmaReforgerServerTool\ArmaReforgerServerTool\Utils\JsonUtils.cs(285,24): warning CS8604: Possible null reference argument for parameter 'whitelist' in 'Rcon.Rcon(string address, int port, string password, RconPermission permission, string[] blacklist, string[] whitelist, int maxClients)'. [D:\Projects\ArmaReforgerServerTool\ArmaReforgerServerTool\Longbow.csproj]
D:\Projects\ArmaReforgerServerTool\ArmaReforgerServerTool\Utils\JsonUtils.cs(329,40): warning CS8625: Cannot convert null literal to non-nullable reference type. [D:\Projects\ArmaReforgerServerTool\ArmaReforgerServerTool\Longbow.csproj]
D:\Projects\ArmaReforgerServerTool\ArmaReforgerServerTool\Utils\JsonUtils.cs(343,33): warning CS8600: Converting null literal or possible null value to non-nullable type. [D:\Projects\ArmaReforgerServerTool\ArmaReforgerServerTool\Longbow.csproj]
D:\Projects\ArmaReforgerServerTool\ArmaReforgerServerTool\Utils\JsonUtils.cs(361,46): warning CS8601: Possible null reference assignment. [D:\Projects\ArmaReforgerServerTool\ArmaReforgerServerTool\Longbow.csproj]
D:\Projects\ArmaReforgerServerTool\ArmaReforgerServerTool\Utils\JsonUtils.cs(373,32): warning CS8601: Possible null reference assignment. [D:\Projects\ArmaReforgerServerTool\ArmaReforgerServerTool\Longbow.csproj]
D:\Projects\ArmaReforgerServerTool\ArmaReforgerServerTool\Utils\JsonUtils.cs(441,35): warning CS8600: Converting null literal or possible null value to non-nullable type. [D:\Projects\ArmaReforgerServerTool\ArmaReforgerServerTool\Longbow.csproj]
D:\Projects\ArmaReforgerServerTool\ArmaReforgerServerTool\Utils\JsonUtils.cs(450,41): warning CS8601: Possible null reference assignment. [D:\Projects\ArmaReforgerServerTool\ArmaReforgerServerTool\Longbow.csproj]
D:\Projects\ArmaReforgerServerTool\ArmaReforgerServerTool\Utils\JsonUtils.cs(453,45): warning CS8601: Possible null reference assignment. [D:\Projects\ArmaReforgerServerTool\ArmaReforgerServerTool\Longbow.csproj]
D:\Projects\ArmaReforgerServerTool\ArmaReforgerServerTool\Utils\JsonUtils.cs(456,46): warning CS8601: Possible null reference assignment. [D:\Projects\ArmaReforgerServerTool\ArmaReforgerServerTool\Longbow.csproj]
D:\Projects\ArmaReforgerServerTool\ArmaReforgerServerTool\Utils\JsonUtils.cs(459,38): warning CS8601: Possible null reference assignment. [D:\Projects\ArmaReforgerServerTool\ArmaReforgerServerTool\Longbow.csproj]
D:\Projects\ArmaReforgerServerTool\ArmaReforgerServerTool\Utils\JsonUtils.cs(465,45): warning CS8601: Possible null reference assignment. [D:\Projects\ArmaReforgerServerTool\ArmaReforgerServerTool\Longbow.csproj]
D:\Projects\ArmaReforgerServerTool\ArmaReforgerServerTool\Utils\JsonUtils.cs(468,41): warning CS8601: Possible null reference assignment. [D:\Projects\ArmaReforgerServerTool\ArmaReforgerServerTool\Longbow.csproj]
D:\Projects\ArmaReforgerServerTool\ArmaReforgerServerTool\Utils\JsonUtils.cs(471,33): warning CS8601: Possible null reference assignment. [D:\Projects\ArmaReforgerServerTool\ArmaReforgerServerTool\Longbow.csproj]
D:\Projects\ArmaReforgerServerTool\ArmaReforgerServerTool\Utils\JsonUtils.cs(474,41): warning CS8601: Possible null reference assignment. [D:\Projects\ArmaReforgerServerTool\ArmaReforgerServerTool\Longbow.csproj]
D:\Projects\ArmaReforgerServerTool\ArmaReforgerServerTool\Managers\FileIOManager.cs(402,31): warning CS8600: Converting null literal or possible null value to non-nullable type. [D:\Projects\ArmaReforgerServerTool\ArmaReforgerServerTool\Longbow.csproj]
D:\Projects\ArmaReforgerServerTool\ArmaReforgerServerTool\Managers\FileIOManager.cs(406,24): warning CS8600: Converting null literal or possible null value to non-nullable type. [D:\Projects\ArmaReforgerServerTool\ArmaReforgerServerTool\Longbow.csproj]
D:\Projects\ArmaReforgerServerTool\ArmaReforgerServerTool\Forms\Main.cs(1614,37): warning CS8600: Converting null literal or possible null value to non-nullable type. [D:\Projects\ArmaReforgerServerTool\ArmaReforgerServerTool\Longbow.csproj]
D:\Projects\ArmaReforgerServerTool\ArmaReforgerServerTool\Forms\Main.cs(1627,37): warning CS8604: Possible null reference argument for parameter 'val' in 'LaunchArgument.LaunchArgument(string key, string val)'. [D:\Projects\ArmaReforgerServerTool\ArmaReforgerServerTool\Longbow.csproj]
D:\Projects\ArmaReforgerServerTool\ArmaReforgerServerTool\Forms\Main.cs(1632,41): warning CS8604: Possible null reference argument for parameter 'val' in 'LaunchArgument.LaunchArgument(string key, string val)'. [D:\Projects\ArmaReforgerServerTool\ArmaReforgerServerTool\Longbow.csproj]
D:\Projects\ArmaReforgerServerTool\ArmaReforgerServerTool\Forms\Main.cs(1637,31): warning CS8604: Possible null reference argument for parameter 'val' in 'LaunchArgument.LaunchArgument(string key, string val)'. [D:\Projects\ArmaReforgerServerTool\ArmaReforgerServerTool\Longbow.csproj]
D:\Projects\ArmaReforgerServerTool\ArmaReforgerServerTool\Forms\Main.cs(1642,51): warning CS8604: Possible null reference argument for parameter 'val' in 'LaunchArgument.LaunchArgument(string key, string val)'. [D:\Projects\ArmaReforgerServerTool\ArmaReforgerServerTool\Longbow.csproj]
D:\Projects\ArmaReforgerServerTool\ArmaReforgerServerTool\Forms\Main.cs(1647,57): warning CS8604: Possible null reference argument for parameter 'val' in 'LaunchArgument.LaunchArgument(string key, string val)'. [D:\Projects\ArmaReforgerServerTool\ArmaReforgerServerTool\Longbow.csproj]
D:\Projects\ArmaReforgerServerTool\ArmaReforgerServerTool\Forms\Main.cs(1652,55): warning CS8604: Possible null reference argument for parameter 'val' in 'LaunchArgument.LaunchArgument(string key, string val)'. [D:\Projects\ArmaReforgerServerTool\ArmaReforgerServerTool\Longbow.csproj]
D:\Projects\ArmaReforgerServerTool\ArmaReforgerServerTool\Forms\Main.cs(1657,49): warning CS8604: Possible null reference argument for parameter 'val' in 'LaunchArgument.LaunchArgument(string key, string val)'. [D:\Projects\ArmaReforgerServerTool\ArmaReforgerServerTool\Longbow.csproj]
D:\Projects\ArmaReforgerServerTool\ArmaReforgerServerTool\Forms\Main.cs(1662,45): warning CS8604: Possible null reference argument for parameter 'val' in 'LaunchArgument.LaunchArgument(string key, string val)'. [D:\Projects\ArmaReforgerServerTool\ArmaReforgerServerTool\Longbow.csproj]
D:\Projects\ArmaReforgerServerTool\ArmaReforgerServerTool\Forms\Main.cs(1667,51): warning CS8604: Possible null reference argument for parameter 'val' in 'LaunchArgument.LaunchArgument(string key, string val)'. [D:\Projects\ArmaReforgerServerTool\ArmaReforgerServerTool\Longbow.csproj]
D:\Projects\ArmaReforgerServerTool\ArmaReforgerServerTool\Forms\Main.cs(1672,47): warning CS8604: Possible null reference argument for parameter 'val' in 'LaunchArgument.LaunchArgument(string key, string val)'. [D:\Projects\ArmaReforgerServerTool\ArmaReforgerServerTool\Longbow.csproj]
D:\Projects\ArmaReforgerServerTool\ArmaReforgerServerTool\Forms\Main.cs(1707,41): warning CS8604: Possible null reference argument for parameter 'val' in 'LaunchArgument.LaunchArgument(string key, string val)'. [D:\Projects\ArmaReforgerServerTool\ArmaReforgerServerTool\Longbow.csproj]
D:\Projects\ArmaReforgerServerTool\ArmaReforgerServerTool\Forms\Main.cs(1712,49): warning CS8604: Possible null reference argument for parameter 'val' in 'LaunchArgument.LaunchArgument(string key, string val)'. [D:\Projects\ArmaReforgerServerTool\ArmaReforgerServerTool\Longbow.csproj]
D:\Projects\ArmaReforgerServerTool\ArmaReforgerServerTool\Forms\Main.cs(1732,69): warning CS8604: Possible null reference argument for parameter 'val' in 'LaunchArgument.LaunchArgument(string key, string val)'. [D:\Projects\ArmaReforgerServerTool\ArmaReforgerServerTool\Longbow.csproj]
D:\Projects\ArmaReforgerServerTool\ArmaReforgerServerTool\Forms\Main.cs(1737,67): warning CS8604: Possible null reference argument for parameter 'val' in 'LaunchArgument.LaunchArgument(string key, string val)'. [D:\Projects\ArmaReforgerServerTool\ArmaReforgerServerTool\Longbow.csproj]
D:\Projects\ArmaReforgerServerTool\ArmaReforgerServerTool\Forms\Main.Designer.cs(1383,26): warning CS0169: The field 'Main.region' is never used [D:\Projects\ArmaReforgerServerTool\ArmaReforgerServerTool\Longbow.csproj]
D:\Projects\ArmaReforgerServerTool\ArmaReforgerServerTool\Forms\Main.Designer.cs(1382,23): warning CS0169: The field 'Main.regionLabel' is never used [D:\Projects\ArmaReforgerServerTool\ArmaReforgerServerTool\Longbow.csproj]

Build FAILED.

D:\Projects\ArmaReforgerServerTool\ArmaReforgerServerTool\Longbow.csproj : warning NU1701: Package 'Open.NAT 2.1.0' was restored using '.NETFramework,Version=v4.6.1, .NETFramework,Version=v4.6.2, .NETFramework,Version=v4.7, .NETFramework,Version=v4.7.1, .NETFramework,Version=v4.7.2, .NETFramework,Version=v4.8, .NETFramework,Version=v4.8.1' instead of the project target framework 'net8.0-windows7.0'. This package may not be fully compatible with your project.
D:\Projects\ArmaReforgerServerTool\Longbow.Tests\Longbow.Tests.csproj : warning NU1603: Longbow.Tests depends on Microsoft.NET.Test.Sdk (>= 17.8.2) but Microsoft.NET.Test.Sdk 17.8.2 was not found. Microsoft.NET.Test.Sdk 17.9.0 was resolved instead.
D:\Projects\ArmaReforgerServerTool\Longbow.Tests\Longbow.Tests.csproj : warning NU1701: Package 'Open.NAT 2.1.0' was restored using '.NETFramework,Version=v4.6.1, .NETFramework,Version=v4.6.2, .NETFramework,Version=v4.7, .NETFramework,Version=v4.7.1, .NETFramework,Version=v4.7.2, .NETFramework,Version=v4.8, .NETFramework,Version=v4.8.1' instead of the project target framework 'net8.0-windows7.0'. This package may not be fully compatible with your project.
D:\Projects\ArmaReforgerServerTool\ArmaReforgerServerTool\Models\ValidationError.cs(95,131): warning CS8625: Cannot convert null literal to non-nullable reference type. [D:\Projects\ArmaReforgerServerTool\ArmaReforgerServerTool\Longbow.csproj]
D:\Projects\ArmaReforgerServerTool\ArmaReforgerServerTool\Utils\ModMetadataSource.cs(158,84): warning CS8625: Cannot convert null literal to non-nullable reference type. [D:\Projects\ArmaReforgerServerTool\ArmaReforgerServerTool\Longbow.csproj]
D:\Projects\ArmaReforgerServerTool\ArmaReforgerServerTool\Utils\ModMetadataSource.cs(178,101): warning CS8625: Cannot convert null literal to non-nullable reference type. [D:\Projects\ArmaReforgerServerTool\ArmaReforgerServerTool\Longbow.csproj]
D:\Projects\ArmaReforgerServerTool\ArmaReforgerServerTool\Utils\ModMetadataSource.cs(204,73): warning CS8625: Cannot convert null literal to non-nullable reference type. [D:\Projects\ArmaReforgerServerTool\ArmaReforgerServerTool\Longbow.csproj]
D:\Projects\ArmaReforgerServerTool\ArmaReforgerServerTool\Utils\ModMetadataSource.cs(224,90): warning CS8625: Cannot convert null literal to non-nullable reference type. [D:\Projects\ArmaReforgerServerTool\ArmaReforgerServerTool\Longbow.csproj]
D:\Projects\ArmaReforgerServerTool\ArmaReforgerServerTool\Utils\SteamWorkshopMetadataProvider.cs(64,101): warning CS8625: Cannot convert null literal to non-nullable reference type. [D:\Projects\ArmaReforgerServerTool\ArmaReforgerServerTool\Longbow.csproj]
D:\Projects\ArmaReforgerServerTool\ArmaReforgerServerTool\Utils\SteamWorkshopMetadataProvider.cs(125,90): warning CS8625: Cannot convert null literal to non-nullable reference type. [D:\Projects\ArmaReforgerServerTool\ArmaReforgerServerTool\Longbow.csproj]
D:\Projects\ArmaReforgerServerTool\ArmaReforgerServerTool\Components\ServerParameterBool.cs(16,12): warning CS8618: Non-nullable field 'associatedControl' must contain a non-null value when exiting constructor. Consider adding the 'required' modifier or declaring the field as nullable. [D:\Projects\ArmaReforgerServerTool\ArmaReforgerServerTool\Longbow.csproj]
D:\Projects\ArmaReforgerServerTool\ArmaReforgerServerTool\Components\AdvancedServerParameter.cs(20,12): warning CS8618: Non-nullable field 'm_underlyingControl' must contain a non-null value when exiting constructor. Consider adding the 'required' modifier or declaring the field as nullable. [D:\Projects\ArmaReforgerServerTool\ArmaReforgerServerTool\Longbow.csproj]
D:\Projects\ArmaReforgerServerTool\ArmaReforgerServerTool\Components\ServerParameter.cs(19,12): warning CS8618: Non-nullable field 'underlyingControl' must contain a non-null value when exiting constructor. Consider adding the 'required' modifier or declaring the field as nullable. [D:\Projects\ArmaReforgerServerTool\ArmaReforgerServerTool\Longbow.csproj]
D:\Projects\ArmaReforgerServerTool\ArmaReforgerServerTool\Forms\RenameForm.cs(15,12): warning CS8618: Non-nullable field 'm_resultingRename' must contain a non-null value when exiting constructor. Consider adding the 'required' modifier or declaring the field as nullable. [D:\Projects\ArmaReforgerServerTool\ArmaReforgerServerTool\Longbow.csproj]
D:\Projects\ArmaReforgerServerTool\ArmaReforgerServerTool\Models\AdvancedSetting.cs(23,12): warning CS8618: Non-nullable property 'Name' must contain a non-null value when exiting constructor. Consider adding the 'required' modifier or declaring the property as nullable. [D:\Projects\ArmaReforgerServerTool\ArmaReforgerServerTool\Longbow.csproj]
D:\Projects\ArmaReforgerServerTool\ArmaReforgerServerTool\Models\AdvancedSetting.cs(23,12): warning CS8618: Non-nullable property 'Value' must contain a non-null value when exiting constructor. Consider adding the 'required' modifier or declaring the property as nullable. [D:\Projects\ArmaReforgerServerTool\ArmaReforgerServerTool\Longbow.csproj]
D:\Projects\ArmaReforgerServerTool\ArmaReforgerServerTool\Utils\FlagUtils.cs(54,59): warning CS8600: Converting null literal or possible null value to non-nullable type. [D:\Projects\ArmaReforgerServerTool\ArmaReforgerServerTool\Longbow.csproj]
D:\Projects\ArmaReforgerServerTool\ArmaReforgerServerTool\Utils\FlagUtils.cs(65,14): warning CS8603: Possible null reference return. [D:\Projects\ArmaReforgerServerTool\ArmaReforgerServerTool\Longbow.csproj]
D:\Projects\ArmaReforgerServerTool\ArmaReforgerServerTool\Design\HoverableButton.cs(52,21): warning CS8622: Nullability of reference types in type of parameter 'sender' of 'void HoverableButton.OnMouseEnter(object sender, EventArgs e)' doesn't match the target delegate 'EventHandler' (possibly because of nullability attributes). [D:\Projects\ArmaReforgerServerTool\ArmaReforgerServerTool\Longbow.csproj]
D:\Projects\ArmaReforgerServerTool\ArmaReforgerServerTool\Design\HoverableButton.cs(53,21): warning CS8622: Nullability of reference types in type of parameter 'sender' of 'void HoverableButton.OnMouseLeave(object sender, EventArgs e)' doesn't match the target delegate 'EventHandler' (possibly because of nullability attributes). [D:\Projects\ArmaReforgerServerTool\ArmaReforgerServerTool\Longbow.csproj]
D:\Projects\ArmaReforgerServerTool\ArmaReforgerServerTool\Design\HoverableButton.cs(54,20): warning CS8622: Nullability of reference types in type of parameter 'sender' of 'void HoverableButton.OnMouseDown(object sender, MouseEventArgs e)' doesn't match the target delegate 'MouseEventHandler' (possibly because of nullability attributes). [D:\Projects\ArmaReforgerServerTool\ArmaReforgerServerTool\Longbow.csproj]
D:\Projects\ArmaReforgerServerTool\ArmaReforgerServerTool\Design\HoverableButton.cs(55,18): warning CS8622: Nullability of reference types in type of parameter 'sender' of 'void HoverableButton.OnMouseUp(object sender, MouseEventArgs e)' doesn't match the target delegate 'MouseEventHandler' (possibly because of nullability attributes). [D:\Projects\ArmaReforgerServerTool\ArmaReforgerServerTool\Longbow.csproj]
D:\Projects\ArmaReforgerServerTool\ArmaReforgerServerTool\Components\AdvancedServerParameterEnumerated.cs(47,14): warning CS8600: Converting null literal or possible null value to non-nullable type. [D:\Projects\ArmaReforgerServerTool\ArmaReforgerServerTool\Longbow.csproj]
D:\Projects\ArmaReforgerServerTool\ArmaReforgerServerTool\Components\AdvancedServerParameterEnumerated.cs(47,14): warning CS8603: Possible null reference return. [D:\Projects\ArmaReforgerServerTool\ArmaReforgerServerTool\Longbow.csproj]
D:\Projects\ArmaReforgerServerTool\ArmaReforgerServerTool\Utils\ServerStatusParser.cs(65,49): warning CS8618: Non-nullable event 'UpdateServerStatus' must contain a non-null value when exiting constructor. Consider adding the 'required' modifier or declaring the event as nullable. [D:\Projects\ArmaReforgerServerTool\ArmaReforgerServerTool\Longbow.csproj]
D:\Projects\ArmaReforgerServerTool\ArmaReforgerServerTool\Design\HoverableButton.cs(253,23): warning CS8622: Nullability of reference types in type of parameter 'sender' of 'void HoverableButton.OnMouseEnter(object sender, EventArgs e)' doesn't match the target delegate 'EventHandler' (possibly because of nullability attributes). [D:\Projects\ArmaReforgerServerTool\ArmaReforgerServerTool\Longbow.csproj]
D:\Projects\ArmaReforgerServerTool\ArmaReforgerServerTool\Design\HoverableButton.cs(254,23): warning CS8622: Nullability of reference types in type of parameter 'sender' of 'void HoverableButton.OnMouseLeave(object sender, EventArgs e)' doesn't match the target delegate 'EventHandler' (possibly because of nullability attributes). [D:\Projects\ArmaReforgerServerTool\ArmaReforgerServerTool\Longbow.csproj]
D:\Projects\ArmaReforgerServerTool\ArmaReforgerServerTool\Design\HoverableButton.cs(255,22): warning CS8622: Nullability of reference types in type of parameter 'sender' of 'void HoverableButton.OnMouseDown(object sender, MouseEventArgs e)' doesn't match the target delegate 'MouseEventHandler' (possibly because of nullability attributes). [D:\Projects\ArmaReforgerServerTool\ArmaReforgerServerTool\Longbow.csproj]
D:\Projects\ArmaReforgerServerTool\ArmaReforgerServerTool\Design\HoverableButton.cs(256,20): warning CS8622: Nullability of reference types in type of parameter 'sender' of 'void HoverableButton.OnMouseUp(object sender, MouseEventArgs e)' doesn't match the target delegate 'MouseEventHandler' (possibly because of nullability attributes). [D:\Projects\ArmaReforgerServerTool\ArmaReforgerServerTool\Longbow.csproj]
D:\Projects\ArmaReforgerServerTool\ArmaReforgerServerTool\Managers\ConfigurationManager.cs(51,13): warning CS8618: Non-nullable property 'save' must contain a non-null value when exiting constructor. Consider adding the 'required' modifier or declaring the property as nullable. [D:\Projects\ArmaReforgerServerTool\ArmaReforgerServerTool\Longbow.csproj]
D:\Projects\ArmaReforgerServerTool\ArmaReforgerServerTool\Managers\ConfigurationManager.cs(51,13): warning CS8618: Non-nullable event 'UpdateScenarioIdFromLoadedConfigEvent' must contain a non-null value when exiting constructor. Consider adding the 'required' modifier or declaring the event as nullable. [D:\Projects\ArmaReforgerServerTool\ArmaReforgerServerTool\Longbow.csproj]
D:\Projects\ArmaReforgerServerTool\ArmaReforgerServerTool\Utils\Utilities.cs(136,14): warning CS8603: Possible null reference return. [D:\Projects\ArmaReforgerServerTool\ArmaReforgerServerTool\Longbow.csproj]
D:\Projects\ArmaReforgerServerTool\ArmaReforgerServerTool\Forms\Main.cs(154,20): warning CS8622: Nullability of reference types in type of parameter 'sender' of 'void Main.Main_Load(object sender, EventArgs e)' doesn't match the target delegate 'EventHandler' (possibly because of nullability attributes). [D:\Projects\ArmaReforgerServerTool\ArmaReforgerServerTool\Longbow.csproj]
D:\Projects\ArmaReforgerServerTool\ArmaReforgerServerTool\Managers\ProcessManager.cs(64,13): warning CS8618: Non-nullable event 'UpdateSteamCmdLogEvent' must contain a non-null value when exiting constructor. Consider adding the 'required' modifier or declaring the event as nullable. [D:\Projects\ArmaReforgerServerTool\ArmaReforgerServerTool\Longbow.csproj]
D:\Projects\ArmaReforgerServerTool\ArmaReforgerServerTool\Managers\ProcessManager.cs(64,13): warning CS8618: Non-nullable event 'UpdateGuiControlsEvent' must contain a non-null value when exiting constructor. Consider adding the 'required' modifier or declaring the event as nullable. [D:\Projects\ArmaReforgerServerTool\ArmaReforgerServerTool\Longbow.csproj]
D:\Projects\ArmaReforgerServerTool\ArmaReforgerServerTool\Managers\ProcessManager.cs(64,13): warning CS8618: Non-nullable event 'UpdateServerStatusEvent' must contain a non-null value when exiting constructor. Consider adding the 'required' modifier or declaring the event as nullable. [D:\Projects\ArmaReforgerServerTool\ArmaReforgerServerTool\Longbow.csproj]
D:\Projects\ArmaReforgerServerTool\ArmaReforgerServerTool\Managers\FileIOManager.cs(32,13): warning CS8618: Non-nullable field 'm_savesPath' must contain a non-null value when exiting constructor. Consider adding the 'required' modifier or declaring the field as nullable. [D:\Projects\ArmaReforgerServerTool\ArmaReforgerServerTool\Longbow.csproj]
D:\Projects\ArmaReforgerServerTool\ArmaReforgerServerTool\Forms\Main.cs(164,20): warning CS8622: Nullability of reference types in type of parameter 'sender' of 'void Main.Main_Load(object sender, EventArgs e)' doesn't match the target delegate 'EventHandler' (possibly because of nullability attributes). [D:\Projects\ArmaReforgerServerTool\ArmaReforgerServerTool\Longbow.csproj]
D:\Projects\ArmaReforgerServerTool\ArmaReforgerServerTool\Managers\ProcessManager.cs(94,24): warning CS8622: Nullability of reference types in type of parameter 'sender' of 'void ProcessManager.SteamCmdUpdateWorkerDoWork(object sender, DoWorkEventArgs e)' doesn't match the target delegate 'DoWorkEventHandler' (possibly because of nullability attributes). [D:\Projects\ArmaReforgerServerTool\ArmaReforgerServerTool\Longbow.csproj]
D:\Projects\ArmaReforgerServerTool\ArmaReforgerServerTool\Managers\ProcessManager.cs(145,26): warning CS0168: The variable 'ex' is declared but never used [D:\Projects\ArmaReforgerServerTool\ArmaReforgerServerTool\Longbow.csproj]
D:\Projects\ArmaReforgerServerTool\ArmaReforgerServerTool\Models\Mod.cs(53,12): warning CS8618: Non-nullable property 'modId' must contain a non-null value when exiting constructor. Consider adding the 'required' modifier or declaring the property as nullable. [D:\Projects\ArmaReforgerServerTool\ArmaReforgerServerTool\Longbow.csproj]
D:\Projects\ArmaReforgerServerTool\ArmaReforgerServerTool\Models\Mod.cs(53,12): warning CS8618: Non-nullable property 'name' must contain a non-null value when exiting constructor. Consider adding the 'required' modifier or declaring the property as nullable. [D:\Projects\ArmaReforgerServerTool\ArmaReforgerServerTool\Longbow.csproj]
D:\Projects\ArmaReforgerServerTool\ArmaReforgerServerTool\Models\Mod.cs(53,12): warning CS8618: Non-nullable property 'version' must contain a non-null value when exiting constructor. Consider adding the 'required' modifier or declaring the property as nullable. [D:\Projects\ArmaReforgerServerTool\ArmaReforgerServerTool\Longbow.csproj]
D:\Projects\ArmaReforgerServerTool\ArmaReforgerServerTool\Models\Mod.cs(53,12): warning CS8618: Non-nullable property 'ModVersion' must contain a non-null value when exiting constructor. Consider adding the 'required' modifier or declaring the property as nullable. [D:\Projects\ArmaReforgerServerTool\ArmaReforgerServerTool\Longbow.csproj]
D:\Projects\ArmaReforgerServerTool\ArmaReforgerServerTool\Models\Mod.cs(53,12): warning CS8618: Non-nullable property 'MinGameVersion' must contain a non-null value when exiting constructor. Consider adding the 'required' modifier or declaring the property as nullable. [D:\Projects\ArmaReforgerServerTool\ArmaReforgerServerTool\Longbow.csproj]
D:\Projects\ArmaReforgerServerTool\ArmaReforgerServerTool\Models\Mod.cs(55,12): warning CS8618: Non-nullable property 'ModVersion' must contain a non-null value when exiting constructor. Consider adding the 'required' modifier or declaring the property as nullable. [D:\Projects\ArmaReforgerServerTool\ArmaReforgerServerTool\Longbow.csproj]
D:\Projects\ArmaReforgerServerTool\ArmaReforgerServerTool\Models\Mod.cs(55,12): warning CS8618: Non-nullable property 'MinGameVersion' must contain a non-null value when exiting constructor. Consider adding the 'required' modifier or declaring the property as nullable. [D:\Projects\ArmaReforgerServerTool\ArmaReforgerServerTool\Longbow.csproj]
D:\Projects\ArmaReforgerServerTool\ArmaReforgerServerTool\Models\Mod.cs(63,12): warning CS8618: Non-nullable property 'ModVersion' must contain a non-null value when exiting constructor. Consider adding the 'required' modifier or declaring the property as nullable. [D:\Projects\ArmaReforgerServerTool\ArmaReforgerServerTool\Longbow.csproj]
D:\Projects\ArmaReforgerServerTool\ArmaReforgerServerTool\Models\Mod.cs(63,12): warning CS8618: Non-nullable property 'MinGameVersion' must contain a non-null value when exiting constructor. Consider adding the 'required' modifier or declaring the property as nullable. [D:\Projects\ArmaReforgerServerTool\ArmaReforgerServerTool\Longbow.csproj]
D:\Projects\ArmaReforgerServerTool\ArmaReforgerServerTool\Managers\ProcessManager.cs(223,24): warning CS8622: Nullability of reference types in type of parameter 'sender' of 'void ProcessManager.SteamCmdUpdateWorkerDoWork(object sender, DoWorkEventArgs e)' doesn't match the target delegate 'DoWorkEventHandler' (possibly because of nullability attributes). [D:\Projects\ArmaReforgerServerTool\ArmaReforgerServerTool\Longbow.csproj]
D:\Projects\ArmaReforgerServerTool\ArmaReforgerServerTool\Models\ModDependency.cs(46,12): warning CS8618: Non-nullable property 'ModId' must contain a non-null value when exiting constructor. Consider adding the 'required' modifier or declaring the property as nullable. [D:\Projects\ArmaReforgerServerTool\ArmaReforgerServerTool\Longbow.csproj]
D:\Projects\ArmaReforgerServerTool\ArmaReforgerServerTool\Models\ModDependency.cs(46,12): warning CS8618: Non-nullable property 'ModName' must contain a non-null value when exiting constructor. Consider adding the 'required' modifier or declaring the property as nullable. [D:\Projects\ArmaReforgerServerTool\ArmaReforgerServerTool\Longbow.csproj]
D:\Projects\ArmaReforgerServerTool\ArmaReforgerServerTool\Models\ModDependency.cs(46,12): warning CS8618: Non-nullable property 'MinVersion' must contain a non-null value when exiting constructor. Consider adding the 'required' modifier or declaring the property as nullable. [D:\Projects\ArmaReforgerServerTool\ArmaReforgerServerTool\Longbow.csproj]
D:\Projects\ArmaReforgerServerTool\ArmaReforgerServerTool\Models\ModDependency.cs(46,12): warning CS8618: Non-nullable property 'MaxVersion' must contain a non-null value when exiting constructor. Consider adding the 'required' modifier or declaring the property as nullable. [D:\Projects\ArmaReforgerServerTool\ArmaReforgerServerTool\Longbow.csproj]
D:\Projects\ArmaReforgerServerTool\ArmaReforgerServerTool\Models\ModDependency.cs(54,30): warning CS8625: Cannot convert null literal to non-nullable reference type. [D:\Projects\ArmaReforgerServerTool\ArmaReforgerServerTool\Longbow.csproj]
D:\Projects\ArmaReforgerServerTool\ArmaReforgerServerTool\Models\ModDependency.cs(54,36): warning CS8625: Cannot convert null literal to non-nullable reference type. [D:\Projects\ArmaReforgerServerTool\ArmaReforgerServerTool\Longbow.csproj]
D:\Projects\ArmaReforgerServerTool\ArmaReforgerServerTool\Forms\Main.cs(387,11): warning CS8600: Converting null literal or possible null value to non-nullable type. [D:\Projects\ArmaReforgerServerTool\ArmaReforgerServerTool\Longbow.csproj]
D:\Projects\ArmaReforgerServerTool\ArmaReforgerServerTool\Forms\Main.cs(389,17): warning CS8600: Converting null literal or possible null value to non-nullable type. [D:\Projects\ArmaReforgerServerTool\ArmaReforgerServerTool\Longbow.csproj]
D:\Projects\ArmaReforgerServerTool\ArmaReforgerServerTool\Forms\Main.cs(392,28): warning CS8620: Argument of type 'BindingList<Mod>' cannot be used for parameter 'list' of type 'BindingList<Mod?>' in 'void Utilities.MoveItem<Mod?>(BindingList<Mod?> list, Mod? item, bool moveBackward = false)' due to differences in the nullability of reference types. [D:\Projects\ArmaReforgerServerTool\ArmaReforgerServerTool\Longbow.csproj]
D:\Projects\ArmaReforgerServerTool\ArmaReforgerServerTool\Managers\FileIOManager.cs(155,36): warning CS8600: Converting null literal or possible null value to non-nullable type. [D:\Projects\ArmaReforgerServerTool\ArmaReforgerServerTool\Longbow.csproj]
D:\Projects\ArmaReforgerServerTool\ArmaReforgerServerTool\Forms\Main.cs(407,11): warning CS8600: Converting null literal or possible null value to non-nullable type. [D:\Projects\ArmaReforgerServerTool\ArmaReforgerServerTool\Longbow.csproj]
D:\Projects\ArmaReforgerServerTool\ArmaReforgerServerTool\Forms\Main.cs(409,17): warning CS8600: Converting null literal or possible null value to non-nullable type. [D:\Projects\ArmaReforgerServerTool\ArmaReforgerServerTool\Longbow.csproj]
D:\Projects\ArmaReforgerServerTool\ArmaReforgerServerTool\Forms\Main.cs(412,28): warning CS8620: Argument of type 'BindingList<Mod>' cannot be used for parameter 'list' of type 'BindingList<Mod?>' in 'void Utilities.MoveItem<Mod?>(BindingList<Mod?> list, Mod? item, bool moveBackward = false)' due to differences in the nullability of reference types. [D:\Projects\ArmaReforgerServerTool\ArmaReforgerServerTool\Longbow.csproj]
D:\Projects\ArmaReforgerServerTool\ArmaReforgerServerTool\Managers\ConfigurationManager.cs(278,36): warning CS8625: Cannot convert null literal to non-nullable reference type. [D:\Projects\ArmaReforgerServerTool\ArmaReforgerServerTool\Longbow.csproj]
D:\Projects\ArmaReforgerServerTool\ArmaReforgerServerTool\Managers\ConfigurationManager.cs(308,71): warning CS8601: Possible null reference assignment. [D:\Projects\ArmaReforgerServerTool\ArmaReforgerServerTool\Longbow.csproj]
D:\Projects\ArmaReforgerServerTool\ArmaReforgerServerTool\Managers\ConfigurationManager.cs(309,70): warning CS8601: Possible null reference assignment. [D:\Projects\ArmaReforgerServerTool\ArmaReforgerServerTool\Longbow.csproj]
D:\Projects\ArmaReforgerServerTool\ArmaReforgerServerTool\Utils\SteamWorkshopMetadataProvider.cs(82,29): warning CS8600: Converting null literal or possible null value to non-nullable type. [D:\Projects\ArmaReforgerServerTool\ArmaReforgerServerTool\Longbow.csproj]
D:\Projects\ArmaReforgerServerTool\ArmaReforgerServerTool\Utils\SteamWorkshopMetadataProvider.cs(139,29): warning CS8600: Converting null literal or possible null value to non-nullable type. [D:\Projects\ArmaReforgerServerTool\ArmaReforgerServerTool\Longbow.csproj]
D:\Projects\ArmaReforgerServerTool\ArmaReforgerServerTool\Utils\SteamWorkshopMetadataProvider.cs(146,18): warning CS8603: Possible null reference return. [D:\Projects\ArmaReforgerServerTool\ArmaReforgerServerTool\Longbow.csproj]
D:\Projects\ArmaReforgerServerTool\ArmaReforgerServerTool\Utils\SteamWorkshopMetadataProvider.cs(149,16): warning CS8603: Possible null reference return. [D:\Projects\ArmaReforgerServerTool\ArmaReforgerServerTool\Longbow.csproj]
D:\Projects\ArmaReforgerServerTool\ArmaReforgerServerTool\Utils\SteamWorkshopMetadataProvider.cs(154,16): warning CS8603: Possible null reference return. [D:\Projects\ArmaReforgerServerTool\ArmaReforgerServerTool\Longbow.csproj]
D:\Projects\ArmaReforgerServerTool\ArmaReforgerServerTool\Managers\ProcessManager.cs(40,12): warning CS8618: Non-nullable field 'serverRunningLabelText' must contain a non-null value when exiting constructor. Consider adding the 'required' modifier or declaring the field as nullable. [D:\Projects\ArmaReforgerServerTool\ArmaReforgerServerTool\Longbow.csproj]
D:\Projects\ArmaReforgerServerTool\ArmaReforgerServerTool\Managers\NetworkManager.cs(62,46): warning CS8600: Converting null literal or possible null value to non-nullable type. [D:\Projects\ArmaReforgerServerTool\ArmaReforgerServerTool\Longbow.csproj]
D:\Projects\ArmaReforgerServerTool\ArmaReforgerServerTool\Utils\SteamWorkshopMetadataProvider.cs(168,18): warning CS8603: Possible null reference return. [D:\Projects\ArmaReforgerServerTool\ArmaReforgerServerTool\Longbow.csproj]
D:\Projects\ArmaReforgerServerTool\ArmaReforgerServerTool\Utils\SteamWorkshopMetadataProvider.cs(180,16): warning CS8603: Possible null reference return. [D:\Projects\ArmaReforgerServerTool\ArmaReforgerServerTool\Longbow.csproj]
D:\Projects\ArmaReforgerServerTool\ArmaReforgerServerTool\Utils\SteamWorkshopMetadataProvider.cs(185,16): warning CS8603: Possible null reference return. [D:\Projects\ArmaReforgerServerTool\ArmaReforgerServerTool\Longbow.csproj]
D:\Projects\ArmaReforgerServerTool\ArmaReforgerServerTool\Models\ValidationError.cs(84,12): warning CS8618: Non-nullable property 'ModId' must contain a non-null value when exiting constructor. Consider adding the 'required' modifier or declaring the property as nullable. [D:\Projects\ArmaReforgerServerTool\ArmaReforgerServerTool\Longbow.csproj]
D:\Projects\ArmaReforgerServerTool\ArmaReforgerServerTool\Models\ValidationError.cs(84,12): warning CS8618: Non-nullable property 'ModName' must contain a non-null value when exiting constructor. Consider adding the 'required' modifier or declaring the property as nullable. [D:\Projects\ArmaReforgerServerTool\ArmaReforgerServerTool\Longbow.csproj]
D:\Projects\ArmaReforgerServerTool\ArmaReforgerServerTool\Models\ValidationError.cs(84,12): warning CS8618: Non-nullable property 'Message' must contain a non-null value when exiting constructor. Consider adding the 'required' modifier or declaring the property as nullable. [D:\Projects\ArmaReforgerServerTool\ArmaReforgerServerTool\Longbow.csproj]
D:\Projects\ArmaReforgerServerTool\ArmaReforgerServerTool\Models\ValidationError.cs(84,12): warning CS8618: Non-nullable property 'RelatedModId' must contain a non-null value when exiting constructor. Consider adding the 'required' modifier or declaring the property as nullable. [D:\Projects\ArmaReforgerServerTool\ArmaReforgerServerTool\Longbow.csproj]
D:\Projects\ArmaReforgerServerTool\ArmaReforgerServerTool\Utils\SteamWorkshopMetadataProvider.cs(49,21): warning CS8618: Non-nullable property 'ModName' must contain a non-null value when exiting constructor. Consider adding the 'required' modifier or declaring the property as nullable. [D:\Projects\ArmaReforgerServerTool\ArmaReforgerServerTool\Longbow.csproj]
D:\Projects\ArmaReforgerServerTool\ArmaReforgerServerTool\Utils\SteamWorkshopMetadataProvider.cs(50,30): warning CS8618: Non-nullable property 'Dependencies' must contain a non-null value when exiting constructor. Consider adding the 'required' modifier or declaring the property as nullable. [D:\Projects\ArmaReforgerServerTool\ArmaReforgerServerTool\Longbow.csproj]
D:\Projects\ArmaReforgerServerTool\ArmaReforgerServerTool\Utils\SteamWorkshopMetadataProvider.cs(51,21): warning CS8618: Non-nullable property 'Version' must contain a non-null value when exiting constructor. Consider adding the 'required' modifier or declaring the property as nullable. [D:\Projects\ArmaReforgerServerTool\ArmaReforgerServerTool\Longbow.csproj]
D:\Projects\ArmaReforgerServerTool\ArmaReforgerServerTool\Utils\JsonUtils.cs(148,18): warning CS8603: Possible null reference return. [D:\Projects\ArmaReforgerServerTool\ArmaReforgerServerTool\Longbow.csproj]
D:\Projects\ArmaReforgerServerTool\ArmaReforgerServerTool\Utils\SteamWorkshopMetadataProvider.cs(258,16): warning CS8603: Possible null reference return. [D:\Projects\ArmaReforgerServerTool\ArmaReforgerServerTool\Longbow.csproj]
D:\Projects\ArmaReforgerServerTool\ArmaReforgerServerTool\Utils\SteamWorkshopMetadataProvider.cs(262,16): warning CS8603: Possible null reference return. [D:\Projects\ArmaReforgerServerTool\ArmaReforgerServerTool\Longbow.csproj]
D:\Projects\ArmaReforgerServerTool\ArmaReforgerServerTool\Managers\NetworkManager.cs(122,46): warning CS8600: Converting null literal or possible null value to non-nullable type. [D:\Projects\ArmaReforgerServerTool\ArmaReforgerServerTool\Longbow.csproj]
D:\Projects\ArmaReforgerServerTool\ArmaReforgerServerTool\Utils\JsonUtils.cs(176,35): warning CS8600: Converting null literal or possible null value to non-nullable type. [D:\Projects\ArmaReforgerServerTool\ArmaReforgerServerTool\Longbow.csproj]
D:\Projects\ArmaReforgerServerTool\ArmaReforgerServerTool\Utils\JsonUtils.cs(182,29): warning CS8601: Possible null reference assignment. [D:\Projects\ArmaReforgerServerTool\ArmaReforgerServerTool\Longbow.csproj]
D:\Projects\ArmaReforgerServerTool\ArmaReforgerServerTool\Utils\JsonUtils.cs(185,28): warning CS8601: Possible null reference assignment. [D:\Projects\ArmaReforgerServerTool\ArmaReforgerServerTool\Longbow.csproj]
D:\Projects\ArmaReforgerServerTool\ArmaReforgerServerTool\Utils\JsonUtils.cs(188,31): warning CS8601: Possible null reference assignment. [D:\Projects\ArmaReforgerServerTool\ArmaReforgerServerTool\Longbow.csproj]
D:\Projects\ArmaReforgerServerTool\ArmaReforgerServerTool\Utils\JsonUtils.cs(533,35): warning CS8600: Converting null literal or possible null value to non-nullable type. [D:\Projects\ArmaReforgerServerTool\ArmaReforgerServerTool\Longbow.csproj]
D:\Projects\ArmaReforgerServerTool\ArmaReforgerServerTool\Utils\JsonUtils.cs(539,40): warning CS8601: Possible null reference assignment. [D:\Projects\ArmaReforgerServerTool\ArmaReforgerServerTool\Longbow.csproj]
D:\Projects\ArmaReforgerServerTool\ArmaReforgerServerTool\Utils\ModMetadataSource.cs(213,16): warning CS8603: Possible null reference return. [D:\Projects\ArmaReforgerServerTool\ArmaReforgerServerTool\Longbow.csproj]
D:\Projects\ArmaReforgerServerTool\ArmaReforgerServerTool\Utils\ModMetadataSource.cs(228,16): warning CS8603: Possible null reference return. [D:\Projects\ArmaReforgerServerTool\ArmaReforgerServerTool\Longbow.csproj]
D:\Projects\ArmaReforgerServerTool\ArmaReforgerServerTool\Utils\JsonUtils.cs(59,35): warning CS8600: Converting null literal or possible null value to non-nullable type. [D:\Projects\ArmaReforgerServerTool\ArmaReforgerServerTool\Longbow.csproj]
D:\Projects\ArmaReforgerServerTool\ArmaReforgerServerTool\Utils\JsonUtils.cs(67,35): warning CS8601: Possible null reference assignment. [D:\Projects\ArmaReforgerServerTool\ArmaReforgerServerTool\Longbow.csproj]
D:\Projects\ArmaReforgerServerTool\ArmaReforgerServerTool\Utils\JsonUtils.cs(90,40): warning CS8601: Possible null reference assignment. [D:\Projects\ArmaReforgerServerTool\ArmaReforgerServerTool\Longbow.csproj]
D:\Projects\ArmaReforgerServerTool\ArmaReforgerServerTool\Utils\ModMetadataSource.cs(251,16): warning CS8603: Possible null reference return. [D:\Projects\ArmaReforgerServerTool\ArmaReforgerServerTool\Longbow.csproj]
D:\Projects\ArmaReforgerServerTool\ArmaReforgerServerTool\Utils\ModMetadataSource.cs(259,14): warning CS8603: Possible null reference return. [D:\Projects\ArmaReforgerServerTool\ArmaReforgerServerTool\Longbow.csproj]
D:\Projects\ArmaReforgerServerTool\ArmaReforgerServerTool\Utils\ModMetadataSource.cs(271,16): warning CS8603: Possible null reference return. [D:\Projects\ArmaReforgerServerTool\ArmaReforgerServerTool\Longbow.csproj]
D:\Projects\ArmaReforgerServerTool\ArmaReforgerServerTool\Utils\ModMetadataSource.cs(279,14): warning CS8603: Possible null reference return. [D:\Projects\ArmaReforgerServerTool\ArmaReforgerServerTool\Longbow.csproj]
D:\Projects\ArmaReforgerServerTool\ArmaReforgerServerTool\Utils\ModMetadataSource.cs(49,80): warning CS8625: Cannot convert null literal to non-nullable reference type. [D:\Projects\ArmaReforgerServerTool\ArmaReforgerServerTool\Longbow.csproj]
D:\Projects\ArmaReforgerServerTool\ArmaReforgerServerTool\Utils\ModMetadataSource.cs(61,66): warning CS8625: Cannot convert null literal to non-nullable reference type. [D:\Projects\ArmaReforgerServerTool\ArmaReforgerServerTool\Longbow.csproj]
D:\Projects\ArmaReforgerServerTool\ArmaReforgerServerTool\Utils\ModMetadataSource.cs(62,80): warning CS8625: Cannot convert null literal to non-nullable reference type. [D:\Projects\ArmaReforgerServerTool\ArmaReforgerServerTool\Longbow.csproj]
D:\Projects\ArmaReforgerServerTool\ArmaReforgerServerTool\Utils\ModMetadataSource.cs(74,80): warning CS8625: Cannot convert null literal to non-nullable reference type. [D:\Projects\ArmaReforgerServerTool\ArmaReforgerServerTool\Longbow.csproj]
D:\Projects\ArmaReforgerServerTool\ArmaReforgerServerTool\Utils\ModMetadataSource.cs(86,80): warning CS8625: Cannot convert null literal to non-nullable reference type. [D:\Projects\ArmaReforgerServerTool\ArmaReforgerServerTool\Longbow.csproj]
D:\Projects\ArmaReforgerServerTool\ArmaReforgerServerTool\Utils\ModMetadataSource.cs(98,80): warning CS8625: Cannot convert null literal to non-nullable reference type. [D:\Projects\ArmaReforgerServerTool\ArmaReforgerServerTool\Longbow.csproj]
D:\Projects\ArmaReforgerServerTool\ArmaReforgerServerTool\Utils\ModMetadataSource.cs(119,80): warning CS8625: Cannot convert null literal to non-nullable reference type. [D:\Projects\ArmaReforgerServerTool\ArmaReforgerServerTool\Longbow.csproj]
D:\Projects\ArmaReforgerServerTool\ArmaReforgerServerTool\Utils\ModMetadataSource.cs(120,81): warning CS8625: Cannot convert null literal to non-nullable reference type. [D:\Projects\ArmaReforgerServerTool\ArmaReforgerServerTool\Longbow.csproj]
D:\Projects\ArmaReforgerServerTool\ArmaReforgerServerTool\Utils\ModMetadataSource.cs(132,80): warning CS8625: Cannot convert null literal to non-nullable reference type. [D:\Projects\ArmaReforgerServerTool\ArmaReforgerServerTool\Longbow.csproj]
D:\Projects\ArmaReforgerServerTool\ArmaReforgerServerTool\Utils\ModMetadataSource.cs(144,66): warning CS8625: Cannot convert null literal to non-nullable reference type. [D:\Projects\ArmaReforgerServerTool\ArmaReforgerServerTool\Longbow.csproj]
D:\Projects\ArmaReforgerServerTool\ArmaReforgerServerTool\Utils\ModMetadataSource.cs(145,75): warning CS8625: Cannot convert null literal to non-nullable reference type. [D:\Projects\ArmaReforgerServerTool\ArmaReforgerServerTool\Longbow.csproj]
D:\Projects\ArmaReforgerServerTool\ArmaReforgerServerTool\Utils\JsonUtils.cs(233,26): warning CS8600: Converting null literal or possible null value to non-nullable type. [D:\Projects\ArmaReforgerServerTool\ArmaReforgerServerTool\Longbow.csproj]
D:\Projects\ArmaReforgerServerTool\ArmaReforgerServerTool\Utils\JsonUtils.cs(235,27): warning CS8600: Converting null literal or possible null value to non-nullable type. [D:\Projects\ArmaReforgerServerTool\ArmaReforgerServerTool\Longbow.csproj]
D:\Projects\ArmaReforgerServerTool\ArmaReforgerServerTool\Utils\JsonUtils.cs(236,29): warning CS8600: Converting null literal or possible null value to non-nullable type. [D:\Projects\ArmaReforgerServerTool\ArmaReforgerServerTool\Longbow.csproj]
D:\Projects\ArmaReforgerServerTool\ArmaReforgerServerTool\Utils\JsonUtils.cs(237,30): warning CS8600: Converting null literal or possible null value to non-nullable type. [D:\Projects\ArmaReforgerServerTool\ArmaReforgerServerTool\Longbow.csproj]
D:\Projects\ArmaReforgerServerTool\ArmaReforgerServerTool\Utils\JsonUtils.cs(238,30): warning CS8600: Converting null literal or possible null value to non-nullable type. [D:\Projects\ArmaReforgerServerTool\ArmaReforgerServerTool\Longbow.csproj]
D:\Projects\ArmaReforgerServerTool\ArmaReforgerServerTool\Utils\JsonUtils.cs(253,33): warning CS8600: Converting null literal or possible null value to non-nullable type. [D:\Projects\ArmaReforgerServerTool\ArmaReforgerServerTool\Longbow.csproj]
D:\Projects\ArmaReforgerServerTool\ArmaReforgerServerTool\Utils\JsonUtils.cs(259,25): warning CS8600: Converting null literal or possible null value to non-nullable type. [D:\Projects\ArmaReforgerServerTool\ArmaReforgerServerTool\Longbow.csproj]
D:\Projects\ArmaReforgerServerTool\ArmaReforgerServerTool\Utils\JsonUtils.cs(265,26): warning CS8600: Converting null literal or possible null value to non-nullable type. [D:\Projects\ArmaReforgerServerTool\ArmaReforgerServerTool\Longbow.csproj]
D:\Projects\ArmaReforgerServerTool\ArmaReforgerServerTool\Utils\JsonUtils.cs(268,28): warning CS8600: Converting null literal or possible null value to non-nullable type. [D:\Projects\ArmaReforgerServerTool\ArmaReforgerServerTool\Longbow.csproj]
D:\Projects\ArmaReforgerServerTool\ArmaReforgerServerTool\Utils\JsonUtils.cs(271,27): warning CS8600: Converting null literal or possible null value to non-nullable type. [D:\Projects\ArmaReforgerServerTool\ArmaReforgerServerTool\Longbow.csproj]
D:\Projects\ArmaReforgerServerTool\ArmaReforgerServerTool\Utils\JsonUtils.cs(274,27): warning CS8600: Converting null literal or possible null value to non-nullable type. [D:\Projects\ArmaReforgerServerTool\ArmaReforgerServerTool\Longbow.csproj]
D:\Projects\ArmaReforgerServerTool\ArmaReforgerServerTool\Utils\JsonUtils.cs(284,89): warning CS8604: Possible null reference argument for parameter 'parameterValue' in 'RconPermission Utilities.StringToEnum<RconPermission>(string parameterValue)'. [D:\Projects\ArmaReforgerServerTool\ArmaReforgerServerTool\Longbow.csproj]
D:\Projects\ArmaReforgerServerTool\ArmaReforgerServerTool\Utils\JsonUtils.cs(284,25): warning CS8604: Possible null reference argument for parameter 'address' in 'Rcon.Rcon(string address, int port, string password, RconPermission permission, string[] blacklist, string[] whitelist, int maxClients)'. [D:\Projects\ArmaReforgerServerTool\ArmaReforgerServerTool\Longbow.csproj]
D:\Projects\ArmaReforgerServerTool\ArmaReforgerServerTool\Utils\JsonUtils.cs(284,40): warning CS8604: Possible null reference argument for parameter 'password' in 'Rcon.Rcon(string address, int port, string password, RconPermission permission, string[] blacklist, string[] whitelist, int maxClients)'. [D:\Projects\ArmaReforgerServerTool\ArmaReforgerServerTool\Longbow.csproj]
D:\Projects\ArmaReforgerServerTool\ArmaReforgerServerTool\Utils\JsonUtils.cs(285,13): warning CS8604: Possible null reference argument for parameter 'blacklist' in 'Rcon.Rcon(string address, int port, string password, RconPermission permission, string[] blacklist, string[] whitelist, int maxClients)'. [D:\Projects\ArmaReforgerServerTool\ArmaReforgerServerTool\Longbow.csproj]
D:\Projects\ArmaReforgerServerTool\ArmaReforgerServerTool\Utils\JsonUtils.cs(285,24): warning CS8604: Possible null reference argument for parameter 'whitelist' in 'Rcon.Rcon(string address, int port, string password, RconPermission permission, string[] blacklist, string[] whitelist, int maxClients)'. [D:\Projects\ArmaReforgerServerTool\ArmaReforgerServerTool\Longbow.csproj]
D:\Projects\ArmaReforgerServerTool\ArmaReforgerServerTool\Utils\JsonUtils.cs(329,40): warning CS8625: Cannot convert null literal to non-nullable reference type. [D:\Projects\ArmaReforgerServerTool\ArmaReforgerServerTool\Longbow.csproj]
D:\Projects\ArmaReforgerServerTool\ArmaReforgerServerTool\Utils\JsonUtils.cs(343,33): warning CS8600: Converting null literal or possible null value to non-nullable type. [D:\Projects\ArmaReforgerServerTool\ArmaReforgerServerTool\Longbow.csproj]
D:\Projects\ArmaReforgerServerTool\ArmaReforgerServerTool\Utils\JsonUtils.cs(361,46): warning CS8601: Possible null reference assignment. [D:\Projects\ArmaReforgerServerTool\ArmaReforgerServerTool\Longbow.csproj]
D:\Projects\ArmaReforgerServerTool\ArmaReforgerServerTool\Utils\JsonUtils.cs(373,32): warning CS8601: Possible null reference assignment. [D:\Projects\ArmaReforgerServerTool\ArmaReforgerServerTool\Longbow.csproj]
D:\Projects\ArmaReforgerServerTool\ArmaReforgerServerTool\Utils\JsonUtils.cs(441,35): warning CS8600: Converting null literal or possible null value to non-nullable type. [D:\Projects\ArmaReforgerServerTool\ArmaReforgerServerTool\Longbow.csproj]
D:\Projects\ArmaReforgerServerTool\ArmaReforgerServerTool\Utils\JsonUtils.cs(450,41): warning CS8601: Possible null reference assignment. [D:\Projects\ArmaReforgerServerTool\ArmaReforgerServerTool\Longbow.csproj]
D:\Projects\ArmaReforgerServerTool\ArmaReforgerServerTool\Utils\JsonUtils.cs(453,45): warning CS8601: Possible null reference assignment. [D:\Projects\ArmaReforgerServerTool\ArmaReforgerServerTool\Longbow.csproj]
D:\Projects\ArmaReforgerServerTool\ArmaReforgerServerTool\Utils\JsonUtils.cs(456,46): warning CS8601: Possible null reference assignment. [D:\Projects\ArmaReforgerServerTool\ArmaReforgerServerTool\Longbow.csproj]
D:\Projects\ArmaReforgerServerTool\ArmaReforgerServerTool\Utils\JsonUtils.cs(459,38): warning CS8601: Possible null reference assignment. [D:\Projects\ArmaReforgerServerTool\ArmaReforgerServerTool\Longbow.csproj]
D:\Projects\ArmaReforgerServerTool\ArmaReforgerServerTool\Utils\JsonUtils.cs(465,45): warning CS8601: Possible null reference assignment. [D:\Projects\ArmaReforgerServerTool\ArmaReforgerServerTool\Longbow.csproj]
D:\Projects\ArmaReforgerServerTool\ArmaReforgerServerTool\Utils\JsonUtils.cs(468,41): warning CS8601: Possible null reference assignment. [D:\Projects\ArmaReforgerServerTool\ArmaReforgerServerTool\Longbow.csproj]
D:\Projects\ArmaReforgerServerTool\ArmaReforgerServerTool\Utils\JsonUtils.cs(471,33): warning CS8601: Possible null reference assignment. [D:\Projects\ArmaReforgerServerTool\ArmaReforgerServerTool\Longbow.csproj]
D:\Projects\ArmaReforgerServerTool\ArmaReforgerServerTool\Utils\JsonUtils.cs(474,41): warning CS8601: Possible null reference assignment. [D:\Projects\ArmaReforgerServerTool\ArmaReforgerServerTool\Longbow.csproj]
D:\Projects\ArmaReforgerServerTool\ArmaReforgerServerTool\Managers\FileIOManager.cs(402,31): warning CS8600: Converting null literal or possible null value to non-nullable type. [D:\Projects\ArmaReforgerServerTool\ArmaReforgerServerTool\Longbow.csproj]
D:\Projects\ArmaReforgerServerTool\ArmaReforgerServerTool\Managers\FileIOManager.cs(406,24): warning CS8600: Converting null literal or possible null value to non-nullable type. [D:\Projects\ArmaReforgerServerTool\ArmaReforgerServerTool\Longbow.csproj]
D:\Projects\ArmaReforgerServerTool\ArmaReforgerServerTool\Forms\Main.cs(1614,37): warning CS8600: Converting null literal or possible null value to non-nullable type. [D:\Projects\ArmaReforgerServerTool\ArmaReforgerServerTool\Longbow.csproj]
D:\Projects\ArmaReforgerServerTool\ArmaReforgerServerTool\Forms\Main.cs(1627,37): warning CS8604: Possible null reference argument for parameter 'val' in 'LaunchArgument.LaunchArgument(string key, string val)'. [D:\Projects\ArmaReforgerServerTool\ArmaReforgerServerTool\Longbow.csproj]
D:\Projects\ArmaReforgerServerTool\ArmaReforgerServerTool\Forms\Main.cs(1632,41): warning CS8604: Possible null reference argument for parameter 'val' in 'LaunchArgument.LaunchArgument(string key, string val)'. [D:\Projects\ArmaReforgerServerTool\ArmaReforgerServerTool\Longbow.csproj]
D:\Projects\ArmaReforgerServerTool\ArmaReforgerServerTool\Forms\Main.cs(1637,31): warning CS8604: Possible null reference argument for parameter 'val' in 'LaunchArgument.LaunchArgument(string key, string val)'. [D:\Projects\ArmaReforgerServerTool\ArmaReforgerServerTool\Longbow.csproj]
D:\Projects\ArmaReforgerServerTool\ArmaReforgerServerTool\Forms\Main.cs(1642,51): warning CS8604: Possible null reference argument for parameter 'val' in 'LaunchArgument.LaunchArgument(string key, string val)'. [D:\Projects\ArmaReforgerServerTool\ArmaReforgerServerTool\Longbow.csproj]
D:\Projects\ArmaReforgerServerTool\ArmaReforgerServerTool\Forms\Main.cs(1647,57): warning CS8604: Possible null reference argument for parameter 'val' in 'LaunchArgument.LaunchArgument(string key, string val)'. [D:\Projects\ArmaReforgerServerTool\ArmaReforgerServerTool\Longbow.csproj]
D:\Projects\ArmaReforgerServerTool\ArmaReforgerServerTool\Forms\Main.cs(1652,55): warning CS8604: Possible null reference argument for parameter 'val' in 'LaunchArgument.LaunchArgument(string key, string val)'. [D:\Projects\ArmaReforgerServerTool\ArmaReforgerServerTool\Longbow.csproj]
D:\Projects\ArmaReforgerServerTool\ArmaReforgerServerTool\Forms\Main.cs(1657,49): warning CS8604: Possible null reference argument for parameter 'val' in 'LaunchArgument.LaunchArgument(string key, string val)'. [D:\Projects\ArmaReforgerServerTool\ArmaReforgerServerTool\Longbow.csproj]
D:\Projects\ArmaReforgerServerTool\ArmaReforgerServerTool\Forms\Main.cs(1662,45): warning CS8604: Possible null reference argument for parameter 'val' in 'LaunchArgument.LaunchArgument(string key, string val)'. [D:\Projects\ArmaReforgerServerTool\ArmaReforgerServerTool\Longbow.csproj]
D:\Projects\ArmaReforgerServerTool\ArmaReforgerServerTool\Forms\Main.cs(1667,51): warning CS8604: Possible null reference argument for parameter 'val' in 'LaunchArgument.LaunchArgument(string key, string val)'. [D:\Projects\ArmaReforgerServerTool\ArmaReforgerServerTool\Longbow.csproj]
D:\Projects\ArmaReforgerServerTool\ArmaReforgerServerTool\Forms\Main.cs(1672,47): warning CS8604: Possible null reference argument for parameter 'val' in 'LaunchArgument.LaunchArgument(string key, string val)'. [D:\Projects\ArmaReforgerServerTool\ArmaReforgerServerTool\Longbow.csproj]
D:\Projects\ArmaReforgerServerTool\ArmaReforgerServerTool\Forms\Main.cs(1707,41): warning CS8604: Possible null reference argument for parameter 'val' in 'LaunchArgument.LaunchArgument(string key, string val)'. [D:\Projects\ArmaReforgerServerTool\ArmaReforgerServerTool\Longbow.csproj]
D:\Projects\ArmaReforgerServerTool\ArmaReforgerServerTool\Forms\Main.cs(1712,49): warning CS8604: Possible null reference argument for parameter 'val' in 'LaunchArgument.LaunchArgument(string key, string val)'. [D:\Projects\ArmaReforgerServerTool\ArmaReforgerServerTool\Longbow.csproj]
D:\Projects\ArmaReforgerServerTool\ArmaReforgerServerTool\Forms\Main.cs(1732,69): warning CS8604: Possible null reference argument for parameter 'val' in 'LaunchArgument.LaunchArgument(string key, string val)'. [D:\Projects\ArmaReforgerServerTool\ArmaReforgerServerTool\Longbow.csproj]
D:\Projects\ArmaReforgerServerTool\ArmaReforgerServerTool\Forms\Main.cs(1737,67): warning CS8604: Possible null reference argument for parameter 'val' in 'LaunchArgument.LaunchArgument(string key, string val)'. [D:\Projects\ArmaReforgerServerTool\ArmaReforgerServerTool\Longbow.csproj]
D:\Projects\ArmaReforgerServerTool\ArmaReforgerServerTool\Forms\Main.Designer.cs(1383,26): warning CS0169: The field 'Main.region' is never used [D:\Projects\ArmaReforgerServerTool\ArmaReforgerServerTool\Longbow.csproj]
D:\Projects\ArmaReforgerServerTool\ArmaReforgerServerTool\Forms\Main.Designer.cs(1382,23): warning CS0169: The field 'Main.regionLabel' is never used [D:\Projects\ArmaReforgerServerTool\ArmaReforgerServerTool\Longbow.csproj]
D:\Projects\ArmaReforgerServerTool\ArmaReforgerServerTool\Utils\SteamWorkshopMetadataProvider.cs(102,32): error CS1061: '(string Name, ModDependency[] Dependencies, string Version)?' does not contain a definition for 'Name' and no accessible extension method 'Name' accepting a first argument of type '(string Name, ModDependency[] Dependencies, string Version)?' could be found (are you missing a using directive or an assembly reference?) [D:\Projects\ArmaReforgerServerTool\ArmaReforgerServerTool\Longbow.csproj]
D:\Projects\ArmaReforgerServerTool\ArmaReforgerServerTool\Utils\SteamWorkshopMetadataProvider.cs(103,37): error CS1061: '(string Name, ModDependency[] Dependencies, string Version)?' does not contain a definition for 'Dependencies' and no accessible extension method 'Dependencies' accepting a first argument of type '(string Name, ModDependency[] Dependencies, string Version)?' could be found (are you missing a using directive or an assembly reference?) [D:\Projects\ArmaReforgerServerTool\ArmaReforgerServerTool\Longbow.csproj]
D:\Projects\ArmaReforgerServerTool\ArmaReforgerServerTool\Utils\SteamWorkshopMetadataProvider.cs(104,32): error CS1061: '(string Name, ModDependency[] Dependencies, string Version)?' does not contain a definition for 'Version' and no accessible extension method 'Version' accepting a first argument of type '(string Name, ModDependency[] Dependencies, string Version)?' could be found (are you missing a using directive or an assembly reference?) [D:\Projects\ArmaReforgerServerTool\ArmaReforgerServerTool\Longbow.csproj]
D:\Projects\ArmaReforgerServerTool\ArmaReforgerServerTool\Utils\SteamWorkshopMetadataProvider.cs(110,27): error CS1061: '(string Name, ModDependency[] Dependencies, string Version)?' does not contain a definition for 'Dependencies' and no accessible extension method 'Dependencies' accepting a first argument of type '(string Name, ModDependency[] Dependencies, string Version)?' could be found (are you missing a using directive or an assembly reference?) [D:\Projects\ArmaReforgerServerTool\ArmaReforgerServerTool\Longbow.csproj]
    161 Warning(s)
    4 Error(s)

Time Elapsed 00:00:02.97
